Archive member included because of file (symbol)

/usr/bin/../lib/gcc/arm-none-eabi/4.9.3/armv7-m/libgcc.a(_aeabi_uldivmod.o)
                              ./startup/system_LPC17xx.o (__aeabi_uldivmod)
/usr/bin/../lib/gcc/arm-none-eabi/4.9.3/armv7-m/libgcc.a(bpabi.o)
                              /usr/bin/../lib/gcc/arm-none-eabi/4.9.3/armv7-m/libgcc.a(_aeabi_uldivmod.o) (__gnu_uldivmod_helper)
/usr/bin/../lib/gcc/arm-none-eabi/4.9.3/armv7-m/libgcc.a(unwind-arm.o)
                              ./main.o (__aeabi_unwind_cpp_pr1)
/usr/bin/../lib/gcc/arm-none-eabi/4.9.3/armv7-m/libgcc.a(libunwind.o)
                              /usr/bin/../lib/gcc/arm-none-eabi/4.9.3/armv7-m/libgcc.a(unwind-arm.o) (restore_core_regs)
/usr/bin/../lib/gcc/arm-none-eabi/4.9.3/armv7-m/libgcc.a(pr-support.o)
                              /usr/bin/../lib/gcc/arm-none-eabi/4.9.3/armv7-m/libgcc.a(unwind-arm.o) (__gnu_unwind_execute)
/usr/bin/../lib/gcc/arm-none-eabi/4.9.3/armv7-m/libgcc.a(_dvmd_tls.o)
                              /usr/bin/../lib/gcc/arm-none-eabi/4.9.3/armv7-m/libgcc.a(_aeabi_uldivmod.o) (__aeabi_ldiv0)
/usr/bin/../lib/gcc/arm-none-eabi/4.9.3/armv7-m/libgcc.a(_divdi3.o)
                              /usr/bin/../lib/gcc/arm-none-eabi/4.9.3/armv7-m/libgcc.a(bpabi.o) (__divdi3)
/usr/bin/../lib/gcc/arm-none-eabi/4.9.3/armv7-m/libgcc.a(_udivdi3.o)
                              /usr/bin/../lib/gcc/arm-none-eabi/4.9.3/armv7-m/libgcc.a(bpabi.o) (__udivdi3)
/usr/bin/../lib/gcc/arm-none-eabi/4.9.3/../../../../arm-none-eabi/lib/armv7-m/libc.a(lib_a-abort.o)
                              /usr/bin/../lib/gcc/arm-none-eabi/4.9.3/armv7-m/libgcc.a(unwind-arm.o) (abort)
/usr/bin/../lib/gcc/arm-none-eabi/4.9.3/../../../../arm-none-eabi/lib/armv7-m/libc.a(lib_a-memcpy.o)
                              /usr/bin/../lib/gcc/arm-none-eabi/4.9.3/armv7-m/libgcc.a(unwind-arm.o) (memcpy)
/usr/bin/../lib/gcc/arm-none-eabi/4.9.3/../../../../arm-none-eabi/lib/armv7-m/libc.a(lib_a-signal.o)
                              /usr/bin/../lib/gcc/arm-none-eabi/4.9.3/../../../../arm-none-eabi/lib/armv7-m/libc.a(lib_a-abort.o) (raise)
/usr/bin/../lib/gcc/arm-none-eabi/4.9.3/../../../../arm-none-eabi/lib/armv7-m/libc.a(lib_a-signalr.o)
                              /usr/bin/../lib/gcc/arm-none-eabi/4.9.3/../../../../arm-none-eabi/lib/armv7-m/libc.a(lib_a-signal.o) (_kill_r)
/usr/bin/../lib/gcc/arm-none-eabi/4.9.3/../../../../arm-none-eabi/lib/armv7-m/libc.a(lib_a-impure.o)
                              /usr/bin/../lib/gcc/arm-none-eabi/4.9.3/../../../../arm-none-eabi/lib/armv7-m/libc.a(lib_a-signal.o) (_impure_ptr)
/usr/bin/../lib/gcc/arm-none-eabi/4.9.3/../../../../arm-none-eabi/lib/armv7-m/libc.a(lib_a-mallocr.o)
                              /usr/bin/../lib/gcc/arm-none-eabi/4.9.3/../../../../arm-none-eabi/lib/armv7-m/libc.a(lib_a-signal.o) (_malloc_r)
/usr/bin/../lib/gcc/arm-none-eabi/4.9.3/../../../../arm-none-eabi/lib/armv7-m/libc.a(lib_a-mlock.o)
                              /usr/bin/../lib/gcc/arm-none-eabi/4.9.3/../../../../arm-none-eabi/lib/armv7-m/libc.a(lib_a-mallocr.o) (__malloc_lock)
/usr/bin/../lib/gcc/arm-none-eabi/4.9.3/../../../../arm-none-eabi/lib/armv7-m/libc.a(lib_a-reent.o)
                              /usr/bin/../lib/gcc/arm-none-eabi/4.9.3/../../../../arm-none-eabi/lib/armv7-m/libc.a(lib_a-signalr.o) (errno)
/usr/bin/../lib/gcc/arm-none-eabi/4.9.3/../../../../arm-none-eabi/lib/armv7-m/libc.a(lib_a-sbrkr.o)
                              /usr/bin/../lib/gcc/arm-none-eabi/4.9.3/../../../../arm-none-eabi/lib/armv7-m/libc.a(lib_a-mallocr.o) (_sbrk_r)
/usr/bin/../lib/gcc/arm-none-eabi/4.9.3/../../../../arm-none-eabi/lib/armv7-m/libc.a(lib_a-freer.o)
                              /usr/bin/../lib/gcc/arm-none-eabi/4.9.3/../../../../arm-none-eabi/lib/armv7-m/libc.a(lib_a-mallocr.o) (_free_r)
/usr/bin/../lib/gcc/arm-none-eabi/4.9.3/../../../../arm-none-eabi/lib/armv7-m/libnosys.a(getpid.o)
                              /usr/bin/../lib/gcc/arm-none-eabi/4.9.3/../../../../arm-none-eabi/lib/armv7-m/libc.a(lib_a-signalr.o) (_getpid)
/usr/bin/../lib/gcc/arm-none-eabi/4.9.3/../../../../arm-none-eabi/lib/armv7-m/libnosys.a(kill.o)
                              /usr/bin/../lib/gcc/arm-none-eabi/4.9.3/../../../../arm-none-eabi/lib/armv7-m/libc.a(lib_a-signalr.o) (_kill)
/usr/bin/../lib/gcc/arm-none-eabi/4.9.3/../../../../arm-none-eabi/lib/armv7-m/libnosys.a(sbrk.o)
                              /usr/bin/../lib/gcc/arm-none-eabi/4.9.3/../../../../arm-none-eabi/lib/armv7-m/libc.a(lib_a-sbrkr.o) (_sbrk)
/usr/bin/../lib/gcc/arm-none-eabi/4.9.3/../../../../arm-none-eabi/lib/armv7-m/libnosys.a(_exit.o)
                              /usr/bin/../lib/gcc/arm-none-eabi/4.9.3/../../../../arm-none-eabi/lib/armv7-m/libc.a(lib_a-abort.o) (_exit)

Allocating common symbols
Common symbol       size              file

errno               0x4               /usr/bin/../lib/gcc/arm-none-eabi/4.9.3/../../../../arm-none-eabi/lib/armv7-m/libc.a(lib_a-reent.o)

Discarded input sections

 .data          0x0000000000000000        0x0 ./startup/startup_LPC17xx.o
 .bss           0x0000000000000000        0x0 ./startup/startup_LPC17xx.o
 .text          0x0000000000000000        0x0 ./startup/system_LPC17xx.o
 .data          0x0000000000000000        0x0 ./startup/system_LPC17xx.o
 .bss           0x0000000000000000        0x0 ./startup/system_LPC17xx.o
 .text.SystemCoreClockUpdate
                0x0000000000000000       0xb0 ./startup/system_LPC17xx.o
 .data.SystemCoreClock
                0x0000000000000000        0x4 ./startup/system_LPC17xx.o
 .text          0x0000000000000000        0x0 ./algorithms/bitCount.o
 .data          0x0000000000000000        0x0 ./algorithms/bitCount.o
 .bss           0x0000000000000000        0x0 ./algorithms/bitCount.o
 .ARM.extab.text._Z9bit_countl
                0x0000000000000000        0x0 ./algorithms/bitCount.o
 .text          0x0000000000000000        0x0 ./main.o
 .data          0x0000000000000000        0x0 ./main.o
 .bss           0x0000000000000000        0x0 ./main.o
 .ARM.extab.text.HardFault_Handler
                0x0000000000000000        0x0 ./main.o
 .ARM.extab.text._Z10toggleLed4v
                0x0000000000000000        0x0 ./main.o
 .text          0x0000000000000000       0x30 /usr/bin/../lib/gcc/arm-none-eabi/4.9.3/armv7-m/libgcc.a(_aeabi_uldivmod.o)
 .data          0x0000000000000000        0x0 /usr/bin/../lib/gcc/arm-none-eabi/4.9.3/armv7-m/libgcc.a(_aeabi_uldivmod.o)
 .bss           0x0000000000000000        0x0 /usr/bin/../lib/gcc/arm-none-eabi/4.9.3/armv7-m/libgcc.a(_aeabi_uldivmod.o)
 .debug_frame   0x0000000000000000       0x28 /usr/bin/../lib/gcc/arm-none-eabi/4.9.3/armv7-m/libgcc.a(_aeabi_uldivmod.o)
 .ARM.attributes
                0x0000000000000000       0x1d /usr/bin/../lib/gcc/arm-none-eabi/4.9.3/armv7-m/libgcc.a(_aeabi_uldivmod.o)
 .text          0x0000000000000000       0x60 /usr/bin/../lib/gcc/arm-none-eabi/4.9.3/armv7-m/libgcc.a(bpabi.o)
 .data          0x0000000000000000        0x0 /usr/bin/../lib/gcc/arm-none-eabi/4.9.3/armv7-m/libgcc.a(bpabi.o)
 .bss           0x0000000000000000        0x0 /usr/bin/../lib/gcc/arm-none-eabi/4.9.3/armv7-m/libgcc.a(bpabi.o)
 .debug_frame   0x0000000000000000       0x54 /usr/bin/../lib/gcc/arm-none-eabi/4.9.3/armv7-m/libgcc.a(bpabi.o)
 .ARM.attributes
                0x0000000000000000       0x2d /usr/bin/../lib/gcc/arm-none-eabi/4.9.3/armv7-m/libgcc.a(bpabi.o)
 .data          0x0000000000000000        0x0 /usr/bin/../lib/gcc/arm-none-eabi/4.9.3/armv7-m/libgcc.a(unwind-arm.o)
 .bss           0x0000000000000000        0x0 /usr/bin/../lib/gcc/arm-none-eabi/4.9.3/armv7-m/libgcc.a(unwind-arm.o)
 .ARM.extab     0x0000000000000000        0x0 /usr/bin/../lib/gcc/arm-none-eabi/4.9.3/armv7-m/libgcc.a(unwind-arm.o)
 .debug_frame   0x0000000000000000      0x300 /usr/bin/../lib/gcc/arm-none-eabi/4.9.3/armv7-m/libgcc.a(unwind-arm.o)
 .ARM.attributes
                0x0000000000000000       0x2d /usr/bin/../lib/gcc/arm-none-eabi/4.9.3/armv7-m/libgcc.a(unwind-arm.o)
 .data          0x0000000000000000        0x0 /usr/bin/../lib/gcc/arm-none-eabi/4.9.3/armv7-m/libgcc.a(libunwind.o)
 .bss           0x0000000000000000        0x0 /usr/bin/../lib/gcc/arm-none-eabi/4.9.3/armv7-m/libgcc.a(libunwind.o)
 .ARM.attributes
                0x0000000000000000       0x1d /usr/bin/../lib/gcc/arm-none-eabi/4.9.3/armv7-m/libgcc.a(libunwind.o)
 .data          0x0000000000000000        0x0 /usr/bin/../lib/gcc/arm-none-eabi/4.9.3/armv7-m/libgcc.a(pr-support.o)
 .bss           0x0000000000000000        0x0 /usr/bin/../lib/gcc/arm-none-eabi/4.9.3/armv7-m/libgcc.a(pr-support.o)
 .debug_frame   0x0000000000000000      0x104 /usr/bin/../lib/gcc/arm-none-eabi/4.9.3/armv7-m/libgcc.a(pr-support.o)
 .ARM.attributes
                0x0000000000000000       0x2d /usr/bin/../lib/gcc/arm-none-eabi/4.9.3/armv7-m/libgcc.a(pr-support.o)
 .text          0x0000000000000000        0x4 /usr/bin/../lib/gcc/arm-none-eabi/4.9.3/armv7-m/libgcc.a(_dvmd_tls.o)
 .data          0x0000000000000000        0x0 /usr/bin/../lib/gcc/arm-none-eabi/4.9.3/armv7-m/libgcc.a(_dvmd_tls.o)
 .bss           0x0000000000000000        0x0 /usr/bin/../lib/gcc/arm-none-eabi/4.9.3/armv7-m/libgcc.a(_dvmd_tls.o)
 .ARM.attributes
                0x0000000000000000       0x1d /usr/bin/../lib/gcc/arm-none-eabi/4.9.3/armv7-m/libgcc.a(_dvmd_tls.o)
 .text          0x0000000000000000      0x2ac /usr/bin/../lib/gcc/arm-none-eabi/4.9.3/armv7-m/libgcc.a(_divdi3.o)
 .data          0x0000000000000000        0x0 /usr/bin/../lib/gcc/arm-none-eabi/4.9.3/armv7-m/libgcc.a(_divdi3.o)
 .bss           0x0000000000000000        0x0 /usr/bin/../lib/gcc/arm-none-eabi/4.9.3/armv7-m/libgcc.a(_divdi3.o)
 .ARM.extab     0x0000000000000000        0x0 /usr/bin/../lib/gcc/arm-none-eabi/4.9.3/armv7-m/libgcc.a(_divdi3.o)
 .ARM.exidx     0x0000000000000000        0x8 /usr/bin/../lib/gcc/arm-none-eabi/4.9.3/armv7-m/libgcc.a(_divdi3.o)
 .debug_frame   0x0000000000000000       0x34 /usr/bin/../lib/gcc/arm-none-eabi/4.9.3/armv7-m/libgcc.a(_divdi3.o)
 .ARM.attributes
                0x0000000000000000       0x2d /usr/bin/../lib/gcc/arm-none-eabi/4.9.3/armv7-m/libgcc.a(_divdi3.o)
 .text          0x0000000000000000      0x270 /usr/bin/../lib/gcc/arm-none-eabi/4.9.3/armv7-m/libgcc.a(_udivdi3.o)
 .data          0x0000000000000000        0x0 /usr/bin/../lib/gcc/arm-none-eabi/4.9.3/armv7-m/libgcc.a(_udivdi3.o)
 .bss           0x0000000000000000        0x0 /usr/bin/../lib/gcc/arm-none-eabi/4.9.3/armv7-m/libgcc.a(_udivdi3.o)
 .ARM.extab     0x0000000000000000        0x0 /usr/bin/../lib/gcc/arm-none-eabi/4.9.3/armv7-m/libgcc.a(_udivdi3.o)
 .ARM.exidx     0x0000000000000000        0x8 /usr/bin/../lib/gcc/arm-none-eabi/4.9.3/armv7-m/libgcc.a(_udivdi3.o)
 .debug_frame   0x0000000000000000       0x34 /usr/bin/../lib/gcc/arm-none-eabi/4.9.3/armv7-m/libgcc.a(_udivdi3.o)
 .ARM.attributes
                0x0000000000000000       0x2d /usr/bin/../lib/gcc/arm-none-eabi/4.9.3/armv7-m/libgcc.a(_udivdi3.o)
 .text          0x0000000000000000        0x0 /usr/bin/../lib/gcc/arm-none-eabi/4.9.3/../../../../arm-none-eabi/lib/armv7-m/libc.a(lib_a-abort.o)
 .data          0x0000000000000000        0x0 /usr/bin/../lib/gcc/arm-none-eabi/4.9.3/../../../../arm-none-eabi/lib/armv7-m/libc.a(lib_a-abort.o)
 .bss           0x0000000000000000        0x0 /usr/bin/../lib/gcc/arm-none-eabi/4.9.3/../../../../arm-none-eabi/lib/armv7-m/libc.a(lib_a-abort.o)
 .debug_frame   0x0000000000000000       0x28 /usr/bin/../lib/gcc/arm-none-eabi/4.9.3/../../../../arm-none-eabi/lib/armv7-m/libc.a(lib_a-abort.o)
 .ARM.attributes
                0x0000000000000000       0x2d /usr/bin/../lib/gcc/arm-none-eabi/4.9.3/../../../../arm-none-eabi/lib/armv7-m/libc.a(lib_a-abort.o)
 .data          0x0000000000000000        0x0 /usr/bin/../lib/gcc/arm-none-eabi/4.9.3/../../../../arm-none-eabi/lib/armv7-m/libc.a(lib_a-memcpy.o)
 .bss           0x0000000000000000        0x0 /usr/bin/../lib/gcc/arm-none-eabi/4.9.3/../../../../arm-none-eabi/lib/armv7-m/libc.a(lib_a-memcpy.o)
 .ARM.attributes
                0x0000000000000000       0x1b /usr/bin/../lib/gcc/arm-none-eabi/4.9.3/../../../../arm-none-eabi/lib/armv7-m/libc.a(lib_a-memcpy.o)
 .text          0x0000000000000000        0x0 /usr/bin/../lib/gcc/arm-none-eabi/4.9.3/../../../../arm-none-eabi/lib/armv7-m/libc.a(lib_a-signal.o)
 .data          0x0000000000000000        0x0 /usr/bin/../lib/gcc/arm-none-eabi/4.9.3/../../../../arm-none-eabi/lib/armv7-m/libc.a(lib_a-signal.o)
 .bss           0x0000000000000000        0x0 /usr/bin/../lib/gcc/arm-none-eabi/4.9.3/../../../../arm-none-eabi/lib/armv7-m/libc.a(lib_a-signal.o)
 .text._init_signal_r
                0x0000000000000000       0x38 /usr/bin/../lib/gcc/arm-none-eabi/4.9.3/../../../../arm-none-eabi/lib/armv7-m/libc.a(lib_a-signal.o)
 .text._signal_r
                0x0000000000000000       0x38 /usr/bin/../lib/gcc/arm-none-eabi/4.9.3/../../../../arm-none-eabi/lib/armv7-m/libc.a(lib_a-signal.o)
 .text.__sigtramp_r
                0x0000000000000000       0x54 /usr/bin/../lib/gcc/arm-none-eabi/4.9.3/../../../../arm-none-eabi/lib/armv7-m/libc.a(lib_a-signal.o)
 .text.signal   0x0000000000000000       0x10 /usr/bin/../lib/gcc/arm-none-eabi/4.9.3/../../../../arm-none-eabi/lib/armv7-m/libc.a(lib_a-signal.o)
 .text._init_signal
                0x0000000000000000        0xc /usr/bin/../lib/gcc/arm-none-eabi/4.9.3/../../../../arm-none-eabi/lib/armv7-m/libc.a(lib_a-signal.o)
 .text.__sigtramp
                0x0000000000000000       0x10 /usr/bin/../lib/gcc/arm-none-eabi/4.9.3/../../../../arm-none-eabi/lib/armv7-m/libc.a(lib_a-signal.o)
 .debug_frame   0x0000000000000000       0xe4 /usr/bin/../lib/gcc/arm-none-eabi/4.9.3/../../../../arm-none-eabi/lib/armv7-m/libc.a(lib_a-signal.o)
 .ARM.attributes
                0x0000000000000000       0x2d /usr/bin/../lib/gcc/arm-none-eabi/4.9.3/../../../../arm-none-eabi/lib/armv7-m/libc.a(lib_a-signal.o)
 .text          0x0000000000000000        0x0 /usr/bin/../lib/gcc/arm-none-eabi/4.9.3/../../../../arm-none-eabi/lib/armv7-m/libc.a(lib_a-signalr.o)
 .data          0x0000000000000000        0x0 /usr/bin/../lib/gcc/arm-none-eabi/4.9.3/../../../../arm-none-eabi/lib/armv7-m/libc.a(lib_a-signalr.o)
 .bss           0x0000000000000000        0x0 /usr/bin/../lib/gcc/arm-none-eabi/4.9.3/../../../../arm-none-eabi/lib/armv7-m/libc.a(lib_a-signalr.o)
 .debug_frame   0x0000000000000000       0x3c /usr/bin/../lib/gcc/arm-none-eabi/4.9.3/../../../../arm-none-eabi/lib/armv7-m/libc.a(lib_a-signalr.o)
 .ARM.attributes
                0x0000000000000000       0x2d /usr/bin/../lib/gcc/arm-none-eabi/4.9.3/../../../../arm-none-eabi/lib/armv7-m/libc.a(lib_a-signalr.o)
 .text          0x0000000000000000        0x0 /usr/bin/../lib/gcc/arm-none-eabi/4.9.3/../../../../arm-none-eabi/lib/armv7-m/libc.a(lib_a-impure.o)
 .data          0x0000000000000000        0x0 /usr/bin/../lib/gcc/arm-none-eabi/4.9.3/../../../../arm-none-eabi/lib/armv7-m/libc.a(lib_a-impure.o)
 .bss           0x0000000000000000        0x0 /usr/bin/../lib/gcc/arm-none-eabi/4.9.3/../../../../arm-none-eabi/lib/armv7-m/libc.a(lib_a-impure.o)
 .rodata._global_impure_ptr
                0x0000000000000000        0x4 /usr/bin/../lib/gcc/arm-none-eabi/4.9.3/../../../../arm-none-eabi/lib/armv7-m/libc.a(lib_a-impure.o)
 .ARM.attributes
                0x0000000000000000       0x2d /usr/bin/../lib/gcc/arm-none-eabi/4.9.3/../../../../arm-none-eabi/lib/armv7-m/libc.a(lib_a-impure.o)
 .text          0x0000000000000000        0x0 /usr/bin/../lib/gcc/arm-none-eabi/4.9.3/../../../../arm-none-eabi/lib/armv7-m/libc.a(lib_a-mallocr.o)
 .data          0x0000000000000000        0x0 /usr/bin/../lib/gcc/arm-none-eabi/4.9.3/../../../../arm-none-eabi/lib/armv7-m/libc.a(lib_a-mallocr.o)
 .bss           0x0000000000000000        0x0 /usr/bin/../lib/gcc/arm-none-eabi/4.9.3/../../../../arm-none-eabi/lib/armv7-m/libc.a(lib_a-mallocr.o)
 .text._malloc_r
                0x0000000000000000      0x50c /usr/bin/../lib/gcc/arm-none-eabi/4.9.3/../../../../arm-none-eabi/lib/armv7-m/libc.a(lib_a-mallocr.o)
 .data.__malloc_av_
                0x0000000000000000      0x408 /usr/bin/../lib/gcc/arm-none-eabi/4.9.3/../../../../arm-none-eabi/lib/armv7-m/libc.a(lib_a-mallocr.o)
 .data.__malloc_trim_threshold
                0x0000000000000000        0x4 /usr/bin/../lib/gcc/arm-none-eabi/4.9.3/../../../../arm-none-eabi/lib/armv7-m/libc.a(lib_a-mallocr.o)
 .bss.__malloc_max_total_mem
                0x0000000000000000        0x4 /usr/bin/../lib/gcc/arm-none-eabi/4.9.3/../../../../arm-none-eabi/lib/armv7-m/libc.a(lib_a-mallocr.o)
 .bss.__malloc_max_sbrked_mem
                0x0000000000000000        0x4 /usr/bin/../lib/gcc/arm-none-eabi/4.9.3/../../../../arm-none-eabi/lib/armv7-m/libc.a(lib_a-mallocr.o)
 .bss.__malloc_top_pad
                0x0000000000000000        0x4 /usr/bin/../lib/gcc/arm-none-eabi/4.9.3/../../../../arm-none-eabi/lib/armv7-m/libc.a(lib_a-mallocr.o)
 .bss.__malloc_current_mallinfo
                0x0000000000000000       0x28 /usr/bin/../lib/gcc/arm-none-eabi/4.9.3/../../../../arm-none-eabi/lib/armv7-m/libc.a(lib_a-mallocr.o)
 .data.__malloc_sbrk_base
                0x0000000000000000        0x4 /usr/bin/../lib/gcc/arm-none-eabi/4.9.3/../../../../arm-none-eabi/lib/armv7-m/libc.a(lib_a-mallocr.o)
 .debug_frame   0x0000000000000000       0x54 /usr/bin/../lib/gcc/arm-none-eabi/4.9.3/../../../../arm-none-eabi/lib/armv7-m/libc.a(lib_a-mallocr.o)
 .ARM.attributes
                0x0000000000000000       0x2d /usr/bin/../lib/gcc/arm-none-eabi/4.9.3/../../../../arm-none-eabi/lib/armv7-m/libc.a(lib_a-mallocr.o)
 .text          0x0000000000000000        0x0 /usr/bin/../lib/gcc/arm-none-eabi/4.9.3/../../../../arm-none-eabi/lib/armv7-m/libc.a(lib_a-mlock.o)
 .data          0x0000000000000000        0x0 /usr/bin/../lib/gcc/arm-none-eabi/4.9.3/../../../../arm-none-eabi/lib/armv7-m/libc.a(lib_a-mlock.o)
 .bss           0x0000000000000000        0x0 /usr/bin/../lib/gcc/arm-none-eabi/4.9.3/../../../../arm-none-eabi/lib/armv7-m/libc.a(lib_a-mlock.o)
 .text.__malloc_lock
                0x0000000000000000        0x4 /usr/bin/../lib/gcc/arm-none-eabi/4.9.3/../../../../arm-none-eabi/lib/armv7-m/libc.a(lib_a-mlock.o)
 .text.__malloc_unlock
                0x0000000000000000        0x4 /usr/bin/../lib/gcc/arm-none-eabi/4.9.3/../../../../arm-none-eabi/lib/armv7-m/libc.a(lib_a-mlock.o)
 .debug_frame   0x0000000000000000       0x30 /usr/bin/../lib/gcc/arm-none-eabi/4.9.3/../../../../arm-none-eabi/lib/armv7-m/libc.a(lib_a-mlock.o)
 .ARM.attributes
                0x0000000000000000       0x2d /usr/bin/../lib/gcc/arm-none-eabi/4.9.3/../../../../arm-none-eabi/lib/armv7-m/libc.a(lib_a-mlock.o)
 .text          0x0000000000000000        0x0 /usr/bin/../lib/gcc/arm-none-eabi/4.9.3/../../../../arm-none-eabi/lib/armv7-m/libc.a(lib_a-reent.o)
 .data          0x0000000000000000        0x0 /usr/bin/../lib/gcc/arm-none-eabi/4.9.3/../../../../arm-none-eabi/lib/armv7-m/libc.a(lib_a-reent.o)
 .bss           0x0000000000000000        0x0 /usr/bin/../lib/gcc/arm-none-eabi/4.9.3/../../../../arm-none-eabi/lib/armv7-m/libc.a(lib_a-reent.o)
 .text.cleanup_glue
                0x0000000000000000       0x1c /usr/bin/../lib/gcc/arm-none-eabi/4.9.3/../../../../arm-none-eabi/lib/armv7-m/libc.a(lib_a-reent.o)
 .text._reclaim_reent
                0x0000000000000000       0x88 /usr/bin/../lib/gcc/arm-none-eabi/4.9.3/../../../../arm-none-eabi/lib/armv7-m/libc.a(lib_a-reent.o)
 .debug_frame   0x0000000000000000       0x58 /usr/bin/../lib/gcc/arm-none-eabi/4.9.3/../../../../arm-none-eabi/lib/armv7-m/libc.a(lib_a-reent.o)
 .ARM.attributes
                0x0000000000000000       0x2d /usr/bin/../lib/gcc/arm-none-eabi/4.9.3/../../../../arm-none-eabi/lib/armv7-m/libc.a(lib_a-reent.o)
 .text          0x0000000000000000        0x0 /usr/bin/../lib/gcc/arm-none-eabi/4.9.3/../../../../arm-none-eabi/lib/armv7-m/libc.a(lib_a-sbrkr.o)
 .data          0x0000000000000000        0x0 /usr/bin/../lib/gcc/arm-none-eabi/4.9.3/../../../../arm-none-eabi/lib/armv7-m/libc.a(lib_a-sbrkr.o)
 .bss           0x0000000000000000        0x0 /usr/bin/../lib/gcc/arm-none-eabi/4.9.3/../../../../arm-none-eabi/lib/armv7-m/libc.a(lib_a-sbrkr.o)
 .text._sbrk_r  0x0000000000000000       0x24 /usr/bin/../lib/gcc/arm-none-eabi/4.9.3/../../../../arm-none-eabi/lib/armv7-m/libc.a(lib_a-sbrkr.o)
 .debug_frame   0x0000000000000000       0x2c /usr/bin/../lib/gcc/arm-none-eabi/4.9.3/../../../../arm-none-eabi/lib/armv7-m/libc.a(lib_a-sbrkr.o)
 .ARM.attributes
                0x0000000000000000       0x2d /usr/bin/../lib/gcc/arm-none-eabi/4.9.3/../../../../arm-none-eabi/lib/armv7-m/libc.a(lib_a-sbrkr.o)
 .text          0x0000000000000000        0x0 /usr/bin/../lib/gcc/arm-none-eabi/4.9.3/../../../../arm-none-eabi/lib/armv7-m/libc.a(lib_a-freer.o)
 .data          0x0000000000000000        0x0 /usr/bin/../lib/gcc/arm-none-eabi/4.9.3/../../../../arm-none-eabi/lib/armv7-m/libc.a(lib_a-freer.o)
 .bss           0x0000000000000000        0x0 /usr/bin/../lib/gcc/arm-none-eabi/4.9.3/../../../../arm-none-eabi/lib/armv7-m/libc.a(lib_a-freer.o)
 .text._malloc_trim_r
                0x0000000000000000       0x9c /usr/bin/../lib/gcc/arm-none-eabi/4.9.3/../../../../arm-none-eabi/lib/armv7-m/libc.a(lib_a-freer.o)
 .text._free_r  0x0000000000000000      0x1b0 /usr/bin/../lib/gcc/arm-none-eabi/4.9.3/../../../../arm-none-eabi/lib/armv7-m/libc.a(lib_a-freer.o)
 .debug_frame   0x0000000000000000       0x74 /usr/bin/../lib/gcc/arm-none-eabi/4.9.3/../../../../arm-none-eabi/lib/armv7-m/libc.a(lib_a-freer.o)
 .ARM.attributes
                0x0000000000000000       0x2d /usr/bin/../lib/gcc/arm-none-eabi/4.9.3/../../../../arm-none-eabi/lib/armv7-m/libc.a(lib_a-freer.o)
 .text          0x0000000000000000        0x0 /usr/bin/../lib/gcc/arm-none-eabi/4.9.3/../../../../arm-none-eabi/lib/armv7-m/libnosys.a(getpid.o)
 .data          0x0000000000000000        0x0 /usr/bin/../lib/gcc/arm-none-eabi/4.9.3/../../../../arm-none-eabi/lib/armv7-m/libnosys.a(getpid.o)
 .bss           0x0000000000000000        0x0 /usr/bin/../lib/gcc/arm-none-eabi/4.9.3/../../../../arm-none-eabi/lib/armv7-m/libnosys.a(getpid.o)
 .stab          0x0000000000000000       0x24 /usr/bin/../lib/gcc/arm-none-eabi/4.9.3/../../../../arm-none-eabi/lib/armv7-m/libnosys.a(getpid.o)
 .debug_frame   0x0000000000000000       0x20 /usr/bin/../lib/gcc/arm-none-eabi/4.9.3/../../../../arm-none-eabi/lib/armv7-m/libnosys.a(getpid.o)
 .ARM.attributes
                0x0000000000000000       0x2d /usr/bin/../lib/gcc/arm-none-eabi/4.9.3/../../../../arm-none-eabi/lib/armv7-m/libnosys.a(getpid.o)
 .text          0x0000000000000000        0x0 /usr/bin/../lib/gcc/arm-none-eabi/4.9.3/../../../../arm-none-eabi/lib/armv7-m/libnosys.a(kill.o)
 .data          0x0000000000000000        0x0 /usr/bin/../lib/gcc/arm-none-eabi/4.9.3/../../../../arm-none-eabi/lib/armv7-m/libnosys.a(kill.o)
 .bss           0x0000000000000000        0x0 /usr/bin/../lib/gcc/arm-none-eabi/4.9.3/../../../../arm-none-eabi/lib/armv7-m/libnosys.a(kill.o)
 .stab          0x0000000000000000       0x18 /usr/bin/../lib/gcc/arm-none-eabi/4.9.3/../../../../arm-none-eabi/lib/armv7-m/libnosys.a(kill.o)
                                         0x24 (size before relaxing)
 .debug_frame   0x0000000000000000       0x20 /usr/bin/../lib/gcc/arm-none-eabi/4.9.3/../../../../arm-none-eabi/lib/armv7-m/libnosys.a(kill.o)
 .ARM.attributes
                0x0000000000000000       0x2d /usr/bin/../lib/gcc/arm-none-eabi/4.9.3/../../../../arm-none-eabi/lib/armv7-m/libnosys.a(kill.o)
 .text          0x0000000000000000        0x0 /usr/bin/../lib/gcc/arm-none-eabi/4.9.3/../../../../arm-none-eabi/lib/armv7-m/libnosys.a(sbrk.o)
 .data          0x0000000000000000        0x0 /usr/bin/../lib/gcc/arm-none-eabi/4.9.3/../../../../arm-none-eabi/lib/armv7-m/libnosys.a(sbrk.o)
 .bss           0x0000000000000000        0x0 /usr/bin/../lib/gcc/arm-none-eabi/4.9.3/../../../../arm-none-eabi/lib/armv7-m/libnosys.a(sbrk.o)
 .text._sbrk    0x0000000000000000       0x1c /usr/bin/../lib/gcc/arm-none-eabi/4.9.3/../../../../arm-none-eabi/lib/armv7-m/libnosys.a(sbrk.o)
 .bss.heap_end.4079
                0x0000000000000000        0x4 /usr/bin/../lib/gcc/arm-none-eabi/4.9.3/../../../../arm-none-eabi/lib/armv7-m/libnosys.a(sbrk.o)
 .debug_frame   0x0000000000000000       0x20 /usr/bin/../lib/gcc/arm-none-eabi/4.9.3/../../../../arm-none-eabi/lib/armv7-m/libnosys.a(sbrk.o)
 .ARM.attributes
                0x0000000000000000       0x2d /usr/bin/../lib/gcc/arm-none-eabi/4.9.3/../../../../arm-none-eabi/lib/armv7-m/libnosys.a(sbrk.o)
 .text          0x0000000000000000        0x0 /usr/bin/../lib/gcc/arm-none-eabi/4.9.3/../../../../arm-none-eabi/lib/armv7-m/libnosys.a(_exit.o)
 .data          0x0000000000000000        0x0 /usr/bin/../lib/gcc/arm-none-eabi/4.9.3/../../../../arm-none-eabi/lib/armv7-m/libnosys.a(_exit.o)
 .bss           0x0000000000000000        0x0 /usr/bin/../lib/gcc/arm-none-eabi/4.9.3/../../../../arm-none-eabi/lib/armv7-m/libnosys.a(_exit.o)
 .debug_frame   0x0000000000000000       0x20 /usr/bin/../lib/gcc/arm-none-eabi/4.9.3/../../../../arm-none-eabi/lib/armv7-m/libnosys.a(_exit.o)
 .ARM.attributes
                0x0000000000000000       0x2d /usr/bin/../lib/gcc/arm-none-eabi/4.9.3/../../../../arm-none-eabi/lib/armv7-m/libnosys.a(_exit.o)

Memory Configuration

Name             Origin             Length             Attributes
FLASH            0x0000000000000000 0x0000000000080000 xr
RAM              0x00000000100000c8 0x0000000000007f38 xrw
USB_RAM          0x000000002007c000 0x0000000000004000 xrw
ETH_RAM          0x0000000020080000 0x0000000000004000 xrw
*default*        0x0000000000000000 0xffffffffffffffff

Linker script and memory map

LOAD ./startup/startup_LPC17xx.o
LOAD ./startup/system_LPC17xx.o
LOAD ./algorithms/bitCount.o
LOAD ./main.o
LOAD /usr/bin/../lib/gcc/arm-none-eabi/4.9.3/../../../../arm-none-eabi/lib/armv7-m/libstdc++.a
LOAD /usr/bin/../lib/gcc/arm-none-eabi/4.9.3/../../../../arm-none-eabi/lib/armv7-m/libm.a
START GROUP
LOAD /usr/bin/../lib/gcc/arm-none-eabi/4.9.3/armv7-m/libgcc.a
LOAD /usr/bin/../lib/gcc/arm-none-eabi/4.9.3/../../../../arm-none-eabi/lib/armv7-m/libc.a
END GROUP
START GROUP
LOAD /usr/bin/../lib/gcc/arm-none-eabi/4.9.3/armv7-m/libgcc.a
LOAD /usr/bin/../lib/gcc/arm-none-eabi/4.9.3/../../../../arm-none-eabi/lib/armv7-m/libc.a
LOAD /usr/bin/../lib/gcc/arm-none-eabi/4.9.3/../../../../arm-none-eabi/lib/armv7-m/libnosys.a
END GROUP

.text           0x0000000000000000     0x13d4
 *(.isr_vector)
 .isr_vector    0x0000000000000000       0xcc ./startup/startup_LPC17xx.o
                0x0000000000000000                __isr_vector
 *(.text*)
 .text          0x00000000000000cc       0x44 ./startup/startup_LPC17xx.o
                0x00000000000000cc                Reset_Handler
                0x00000000000000fc                NMI_Handler
                0x0000000000000100                MemManage_Handler
                0x0000000000000102                BusFault_Handler
                0x0000000000000104                UsageFault_Handler
                0x0000000000000106                SVC_Handler
                0x0000000000000108                DebugMon_Handler
                0x000000000000010a                PendSV_Handler
                0x000000000000010c                SysTick_Handler
                0x000000000000010e                TIMER2_IRQHandler
                0x000000000000010e                RIT_IRQHandler
                0x000000000000010e                I2C0_IRQHandler
                0x000000000000010e                USBActivity_IRQHandler
                0x000000000000010e                PWM1_IRQHandler
                0x000000000000010e                I2C1_IRQHandler
                0x000000000000010e                EINT2_IRQHandler
                0x000000000000010e                UART1_IRQHandler
                0x000000000000010e                EINT3_IRQHandler
                0x000000000000010e                CANActivity_IRQHandler
                0x000000000000010e                TIMER3_IRQHandler
                0x000000000000010e                UART0_IRQHandler
                0x000000000000010e                PLL0_IRQHandler
                0x000000000000010e                CAN_IRQHandler
                0x000000000000010e                PLL1_IRQHandler
                0x000000000000010e                SSP0_IRQHandler
                0x000000000000010e                I2S_IRQHandler
                0x000000000000010e                I2C2_IRQHandler
                0x000000000000010e                RTC_IRQHandler
                0x000000000000010e                TIMER0_IRQHandler
                0x000000000000010e                SPI_IRQHandler
                0x000000000000010e                EINT1_IRQHandler
                0x000000000000010e                TIMER1_IRQHandler
                0x000000000000010e                UART2_IRQHandler
                0x000000000000010e                Default_Handler
                0x000000000000010e                ADC_IRQHandler
                0x000000000000010e                SSP1_IRQHandler
                0x000000000000010e                USB_IRQHandler
                0x000000000000010e                BOD_IRQHandler
                0x000000000000010e                WDT_IRQHandler
                0x000000000000010e                QEI_IRQHandler
                0x000000000000010e                EINT0_IRQHandler
                0x000000000000010e                DEF_IRQHandler
                0x000000000000010e                DMA_IRQHandler
                0x000000000000010e                UART3_IRQHandler
                0x000000000000010e                MCPWM_IRQHandler
                0x000000000000010e                ENET_IRQHandler
 .text.SystemInit
                0x0000000000000110       0xb8 ./startup/system_LPC17xx.o
                0x0000000000000110                SystemInit
 .text._Z9bit_countl
                0x00000000000001c8       0x7c ./algorithms/bitCount.o
                0x00000000000001c8                bit_count(long)
 .text.HardFault_Handler
                0x0000000000000244       0x18 ./main.o
                0x0000000000000244                HardFault_Handler
 .text._Z10toggleLed4v
                0x000000000000025c       0x20 ./main.o
                0x000000000000025c                toggleLed4()
 .text.startup.main
                0x000000000000027c       0x24 ./main.o
                0x000000000000027c                main
 .text          0x00000000000002a0      0xa54 /usr/bin/../lib/gcc/arm-none-eabi/4.9.3/armv7-m/libgcc.a(unwind-arm.o)
                0x0000000000000580                _Unwind_GetCFA
                0x0000000000000584                __gnu_Unwind_RaiseException
                0x00000000000005e4                __gnu_Unwind_ForcedUnwind
                0x00000000000005f8                __gnu_Unwind_Resume
                0x000000000000063c                __gnu_Unwind_Resume_or_Rethrow
                0x0000000000000650                _Unwind_Complete
                0x0000000000000654                _Unwind_DeleteException
                0x0000000000000660                _Unwind_VRS_Get
                0x00000000000006b0                _Unwind_VRS_Set
                0x0000000000000700                __gnu_Unwind_Backtrace
                0x0000000000000a44                __aeabi_unwind_cpp_pr0
                0x0000000000000a48                __aeabi_unwind_cpp_pr1
                0x0000000000000a4c                __aeabi_unwind_cpp_pr2
                0x0000000000000a50                _Unwind_VRS_Pop
 .text          0x0000000000000cf4      0x1ac /usr/bin/../lib/gcc/arm-none-eabi/4.9.3/armv7-m/libgcc.a(libunwind.o)
                0x0000000000000cf4                __restore_core_regs
                0x0000000000000cf4                restore_core_regs
                0x0000000000000d0c                __gnu_Unwind_Restore_VFP
                0x0000000000000d14                __gnu_Unwind_Save_VFP
                0x0000000000000d1c                __gnu_Unwind_Restore_VFP_D
                0x0000000000000d24                __gnu_Unwind_Save_VFP_D
                0x0000000000000d2c                __gnu_Unwind_Restore_VFP_D_16_to_31
                0x0000000000000d34                __gnu_Unwind_Save_VFP_D_16_to_31
                0x0000000000000d3c                __gnu_Unwind_Restore_WMMXD
                0x0000000000000d80                __gnu_Unwind_Save_WMMXD
                0x0000000000000dc4                __gnu_Unwind_Restore_WMMXC
                0x0000000000000dd8                __gnu_Unwind_Save_WMMXC
                0x0000000000000dec                ___Unwind_RaiseException
                0x0000000000000dec                _Unwind_RaiseException
                0x0000000000000e10                ___Unwind_Resume
                0x0000000000000e10                _Unwind_Resume
                0x0000000000000e34                _Unwind_Resume_or_Rethrow
                0x0000000000000e34                ___Unwind_Resume_or_Rethrow
                0x0000000000000e58                ___Unwind_ForcedUnwind
                0x0000000000000e58                _Unwind_ForcedUnwind
                0x0000000000000e7c                _Unwind_Backtrace
                0x0000000000000e7c                ___Unwind_Backtrace
 .text          0x0000000000000ea0      0x37c /usr/bin/../lib/gcc/arm-none-eabi/4.9.3/armv7-m/libgcc.a(pr-support.o)
                0x0000000000000ef8                __gnu_unwind_execute
                0x00000000000011c4                __gnu_unwind_frame
                0x00000000000011ec                _Unwind_GetRegionStart
                0x00000000000011f8                _Unwind_GetLanguageSpecificData
                0x000000000000120c                _Unwind_GetDataRelBase
                0x0000000000001214                _Unwind_GetTextRelBase
 .text.abort    0x000000000000121c       0x10 /usr/bin/../lib/gcc/arm-none-eabi/4.9.3/../../../../arm-none-eabi/lib/armv7-m/libc.a(lib_a-abort.o)
                0x000000000000121c                abort
 .text          0x000000000000122c       0xec /usr/bin/../lib/gcc/arm-none-eabi/4.9.3/../../../../arm-none-eabi/lib/armv7-m/libc.a(lib_a-memcpy.o)
                0x000000000000122c                memcpy
 .text._raise_r
                0x0000000000001318       0x58 /usr/bin/../lib/gcc/arm-none-eabi/4.9.3/../../../../arm-none-eabi/lib/armv7-m/libc.a(lib_a-signal.o)
                0x0000000000001318                _raise_r
 .text.raise    0x0000000000001370       0x10 /usr/bin/../lib/gcc/arm-none-eabi/4.9.3/../../../../arm-none-eabi/lib/armv7-m/libc.a(lib_a-signal.o)
                0x0000000000001370                raise
 .text._kill_r  0x0000000000001380       0x28 /usr/bin/../lib/gcc/arm-none-eabi/4.9.3/../../../../arm-none-eabi/lib/armv7-m/libc.a(lib_a-signalr.o)
                0x0000000000001380                _kill_r
 .text._getpid_r
                0x00000000000013a8        0x4 /usr/bin/../lib/gcc/arm-none-eabi/4.9.3/../../../../arm-none-eabi/lib/armv7-m/libc.a(lib_a-signalr.o)
                0x00000000000013a8                _getpid_r
 .text._getpid  0x00000000000013ac       0x10 /usr/bin/../lib/gcc/arm-none-eabi/4.9.3/../../../../arm-none-eabi/lib/armv7-m/libnosys.a(getpid.o)
                0x00000000000013ac                _getpid
 .text._kill    0x00000000000013bc       0x10 /usr/bin/../lib/gcc/arm-none-eabi/4.9.3/../../../../arm-none-eabi/lib/armv7-m/libnosys.a(kill.o)
                0x00000000000013bc                _kill
 .text._exit    0x00000000000013cc        0x4 /usr/bin/../lib/gcc/arm-none-eabi/4.9.3/../../../../arm-none-eabi/lib/armv7-m/libnosys.a(_exit.o)
                0x00000000000013cc                _exit
 *(.init)
 *(.fini)
 *crtbegin.o(.ctors)
 *crtbegin?.o(.ctors)
 *(EXCLUDE_FILE(*crtend.o *crtend?.o) .ctors)
 *(SORT(.ctors.*))
 *(.ctors)
 *crtbegin.o(.dtors)
 *crtbegin?.o(.dtors)
 *(EXCLUDE_FILE(*crtend.o *crtend?.o) .dtors)
 *(SORT(.dtors.*))
 *(.dtors)
 *(.rodata*)
 .rodata.str1.4
                0x00000000000013d0        0x4 /usr/bin/../lib/gcc/arm-none-eabi/4.9.3/../../../../arm-none-eabi/lib/armv7-m/libc.a(lib_a-impure.o)
                                          0x2 (size before relaxing)
 *(.eh_frame*)

.glue_7         0x00000000000013d4        0x0
 .glue_7        0x0000000000000000        0x0 linker stubs

.glue_7t        0x00000000000013d4        0x0
 .glue_7t       0x0000000000000000        0x0 linker stubs

.vfp11_veneer   0x00000000000013d4        0x0
 .vfp11_veneer  0x0000000000000000        0x0 linker stubs

.v4_bx          0x00000000000013d4        0x0
 .v4_bx         0x0000000000000000        0x0 linker stubs

.iplt           0x00000000000013d4        0x0
 .iplt          0x0000000000000000        0x0 ./startup/startup_LPC17xx.o

.ARM.extab      0x00000000000013d4       0x24
 *(.ARM.extab* .gnu.linkonce.armextab.*)
 .ARM.extab.text.startup.main
                0x00000000000013d4        0xc ./main.o
 .ARM.extab     0x00000000000013e0       0x18 /usr/bin/../lib/gcc/arm-none-eabi/4.9.3/armv7-m/libgcc.a(pr-support.o)
                0x00000000000013f8                __exidx_start = .

.ARM.exidx      0x00000000000013f8       0xc8
 *(.ARM.exidx* .gnu.linkonce.armexidx.*)
 .ARM.exidx.text._Z9bit_countl
                0x00000000000013f8        0x8 ./algorithms/bitCount.o
 .ARM.exidx.text.HardFault_Handler
                0x0000000000001400        0x0 ./main.o
                                          0x8 (size before relaxing)
 .ARM.exidx.text._Z10toggleLed4v
                0x0000000000001400        0x0 ./main.o
                                          0x8 (size before relaxing)
 .ARM.exidx.text.startup.main
                0x0000000000001400        0x8 ./main.o
 .ARM.exidx     0x0000000000001408       0x80 /usr/bin/../lib/gcc/arm-none-eabi/4.9.3/armv7-m/libgcc.a(unwind-arm.o)
                                         0xd8 (size before relaxing)
 .ARM.exidx     0x0000000000001488       0x38 /usr/bin/../lib/gcc/arm-none-eabi/4.9.3/armv7-m/libgcc.a(pr-support.o)
                                         0x48 (size before relaxing)
                0x00000000000014c0                __exidx_end = .
                0x00000000000014c0                __etext = .

.rel.dyn        0x00000000000014c0        0x0
 .rel.iplt      0x0000000000000000        0x0 ./startup/startup_LPC17xx.o

.data           0x00000000100000c8      0x42c load address 0x00000000000014c0
                0x00000000100000c8                __data_start__ = .
                0x00000000100000c8                Image$$RW_IRAM1$$Base = .
 *(vtable)
 *(.data*)
 .data.impure_data
                0x00000000100000c8      0x428 /usr/bin/../lib/gcc/arm-none-eabi/4.9.3/../../../../arm-none-eabi/lib/armv7-m/libc.a(lib_a-impure.o)
 .data._impure_ptr
                0x00000000100004f0        0x4 /usr/bin/../lib/gcc/arm-none-eabi/4.9.3/../../../../arm-none-eabi/lib/armv7-m/libc.a(lib_a-impure.o)
                0x00000000100004f0                _impure_ptr
                0x00000000100004f4                . = ALIGN (0x4)
                0x00000000100004f4                PROVIDE (__preinit_array_start, .)
 *(.preinit_array)
                0x00000000100004f4                PROVIDE (__preinit_array_end, .)
                0x00000000100004f4                . = ALIGN (0x4)
                0x00000000100004f4                PROVIDE (__init_array_start, .)
 *(SORT(.init_array.*))
 *(.init_array)
                0x00000000100004f4                PROVIDE (__init_array_end, .)
                0x00000000100004f4                . = ALIGN (0x4)
                0x00000000100004f4                PROVIDE (__fini_array_start, .)
 *(SORT(.fini_array.*))
 *(.fini_array)
                0x00000000100004f4                PROVIDE (__fini_array_end, .)
                0x00000000100004f4                . = ALIGN (0x4)
                0x00000000100004f4                __data_end__ = .

.igot.plt       0x00000000100004f4        0x0 load address 0x00000000000018ec
 .igot.plt      0x0000000000000000        0x0 ./startup/startup_LPC17xx.o

.bss            0x00000000100004f4        0x4 load address 0x00000000000018ec
                0x00000000100004f4                __bss_start__ = .
 *(.bss*)
 *(COMMON)
 COMMON         0x00000000100004f4        0x4 /usr/bin/../lib/gcc/arm-none-eabi/4.9.3/../../../../arm-none-eabi/lib/armv7-m/libc.a(lib_a-reent.o)
                0x00000000100004f4                errno
                0x00000000100004f8                __bss_end__ = .
                0x00000000100004f8                Image$$RW_IRAM1$$ZI$$Limit = .

.heap           0x00000000100004f8      0x800
                0x00000000100004f8                __end__ = .
                0x00000000100004f8                end = __end__
 *(.heap*)
 .heap          0x00000000100004f8      0x800 ./startup/startup_LPC17xx.o
                0x00000000100004f8                __HeapBase
                0x0000000010000cf8                __HeapLimit = .

.stack_dummy    0x00000000100004f8      0xc00
 *(.stack)
 .stack         0x00000000100004f8      0xc00 ./startup/startup_LPC17xx.o
                0x0000000010008000                __StackTop = (ORIGIN (RAM) + 0x7f38)
                0x0000000010007400                __StackLimit = (__StackTop - SIZEOF (.stack_dummy))
                0x0000000010008000                PROVIDE (__stack, __StackTop)
                0x0000000000000001                ASSERT ((__StackLimit >= __HeapLimit), region RAM overflowed with stack)

.AHBSRAM0       0x000000002007c000        0x0
                0x000000002007c000                Image$$RW_IRAM2$$Base = .
 *(AHBSRAM0)
                0x000000002007c000                Image$$RW_IRAM2$$ZI$$Limit = .

.AHBSRAM1       0x0000000020080000        0x0
                0x0000000020080000                Image$$RW_IRAM3$$Base = .
 *(AHBSRAM1)
                0x0000000020080000                Image$$RW_IRAM3$$ZI$$Limit = .
OUTPUT(bitCount.elf elf32-littlearm)

.ARM.attributes
                0x0000000000000000       0x29
 .ARM.attributes
                0x0000000000000000       0x1b ./startup/startup_LPC17xx.o
 .ARM.attributes
                0x000000000000001b       0x33 ./startup/system_LPC17xx.o
 .ARM.attributes
                0x000000000000004e       0x33 ./algorithms/bitCount.o
 .ARM.attributes
                0x0000000000000081       0x33 ./main.o

.comment        0x0000000000000000       0x70
 .comment       0x0000000000000000       0x70 ./startup/system_LPC17xx.o
                                         0x71 (size before relaxing)
 .comment       0x0000000000000000       0x71 ./algorithms/bitCount.o
 .comment       0x0000000000000000       0x71 ./main.o

.debug_line     0x0000000000000000       0x6d
 .debug_line    0x0000000000000000       0x6d ./startup/startup_LPC17xx.o

.debug_info     0x0000000000000000       0x8f
 .debug_info    0x0000000000000000       0x8f ./startup/startup_LPC17xx.o

.debug_abbrev   0x0000000000000000       0x14
 .debug_abbrev  0x0000000000000000       0x14 ./startup/startup_LPC17xx.o

.debug_aranges  0x0000000000000000       0x20
 .debug_aranges
                0x0000000000000000       0x20 ./startup/startup_LPC17xx.o

.stabstr        0x0000000000000000       0x76
 .stabstr       0x0000000000000000       0x76 /usr/bin/../lib/gcc/arm-none-eabi/4.9.3/../../../../arm-none-eabi/lib/armv7-m/libnosys.a(getpid.o)
