Archive member included because of file (symbol)

/home/jens/Documents/Toolchains/gcc-arm-none-eabi-4_9-2015q3/bin/../lib/gcc/arm-none-eabi/4.9.3/armv7-m/libgcc.a(_aeabi_uldivmod.o)
                              ./startup/system_LPC17xx.o (__aeabi_uldivmod)
/home/jens/Documents/Toolchains/gcc-arm-none-eabi-4_9-2015q3/bin/../lib/gcc/arm-none-eabi/4.9.3/armv7-m/libgcc.a(bpabi.o)
                              /home/jens/Documents/Toolchains/gcc-arm-none-eabi-4_9-2015q3/bin/../lib/gcc/arm-none-eabi/4.9.3/armv7-m/libgcc.a(_aeabi_uldivmod.o) (__gnu_uldivmod_helper)
/home/jens/Documents/Toolchains/gcc-arm-none-eabi-4_9-2015q3/bin/../lib/gcc/arm-none-eabi/4.9.3/armv7-m/libgcc.a(unwind-arm.o)
                              ./main.o (__aeabi_unwind_cpp_pr0)
/home/jens/Documents/Toolchains/gcc-arm-none-eabi-4_9-2015q3/bin/../lib/gcc/arm-none-eabi/4.9.3/armv7-m/libgcc.a(libunwind.o)
                              /home/jens/Documents/Toolchains/gcc-arm-none-eabi-4_9-2015q3/bin/../lib/gcc/arm-none-eabi/4.9.3/armv7-m/libgcc.a(unwind-arm.o) (restore_core_regs)
/home/jens/Documents/Toolchains/gcc-arm-none-eabi-4_9-2015q3/bin/../lib/gcc/arm-none-eabi/4.9.3/armv7-m/libgcc.a(pr-support.o)
                              /home/jens/Documents/Toolchains/gcc-arm-none-eabi-4_9-2015q3/bin/../lib/gcc/arm-none-eabi/4.9.3/armv7-m/libgcc.a(unwind-arm.o) (__gnu_unwind_execute)
/home/jens/Documents/Toolchains/gcc-arm-none-eabi-4_9-2015q3/bin/../lib/gcc/arm-none-eabi/4.9.3/armv7-m/libgcc.a(_dvmd_tls.o)
                              /home/jens/Documents/Toolchains/gcc-arm-none-eabi-4_9-2015q3/bin/../lib/gcc/arm-none-eabi/4.9.3/armv7-m/libgcc.a(_aeabi_uldivmod.o) (__aeabi_ldiv0)
/home/jens/Documents/Toolchains/gcc-arm-none-eabi-4_9-2015q3/bin/../lib/gcc/arm-none-eabi/4.9.3/armv7-m/libgcc.a(_divdi3.o)
                              /home/jens/Documents/Toolchains/gcc-arm-none-eabi-4_9-2015q3/bin/../lib/gcc/arm-none-eabi/4.9.3/armv7-m/libgcc.a(bpabi.o) (__divdi3)
/home/jens/Documents/Toolchains/gcc-arm-none-eabi-4_9-2015q3/bin/../lib/gcc/arm-none-eabi/4.9.3/armv7-m/libgcc.a(_udivdi3.o)
                              /home/jens/Documents/Toolchains/gcc-arm-none-eabi-4_9-2015q3/bin/../lib/gcc/arm-none-eabi/4.9.3/armv7-m/libgcc.a(bpabi.o) (__udivdi3)
/home/jens/Documents/Toolchains/gcc-arm-none-eabi-4_9-2015q3/bin/../lib/gcc/arm-none-eabi/4.9.3/../../../../arm-none-eabi/lib/armv7-m/libc.a(lib_a-abort.o)
                              /home/jens/Documents/Toolchains/gcc-arm-none-eabi-4_9-2015q3/bin/../lib/gcc/arm-none-eabi/4.9.3/armv7-m/libgcc.a(unwind-arm.o) (abort)
/home/jens/Documents/Toolchains/gcc-arm-none-eabi-4_9-2015q3/bin/../lib/gcc/arm-none-eabi/4.9.3/../../../../arm-none-eabi/lib/armv7-m/libc.a(lib_a-memcpy.o)
                              /home/jens/Documents/Toolchains/gcc-arm-none-eabi-4_9-2015q3/bin/../lib/gcc/arm-none-eabi/4.9.3/armv7-m/libgcc.a(unwind-arm.o) (memcpy)
/home/jens/Documents/Toolchains/gcc-arm-none-eabi-4_9-2015q3/bin/../lib/gcc/arm-none-eabi/4.9.3/../../../../arm-none-eabi/lib/armv7-m/libc.a(lib_a-signal.o)
                              /home/jens/Documents/Toolchains/gcc-arm-none-eabi-4_9-2015q3/bin/../lib/gcc/arm-none-eabi/4.9.3/../../../../arm-none-eabi/lib/armv7-m/libc.a(lib_a-abort.o) (raise)
/home/jens/Documents/Toolchains/gcc-arm-none-eabi-4_9-2015q3/bin/../lib/gcc/arm-none-eabi/4.9.3/../../../../arm-none-eabi/lib/armv7-m/libc.a(lib_a-signalr.o)
                              /home/jens/Documents/Toolchains/gcc-arm-none-eabi-4_9-2015q3/bin/../lib/gcc/arm-none-eabi/4.9.3/../../../../arm-none-eabi/lib/armv7-m/libc.a(lib_a-signal.o) (_kill_r)
/home/jens/Documents/Toolchains/gcc-arm-none-eabi-4_9-2015q3/bin/../lib/gcc/arm-none-eabi/4.9.3/../../../../arm-none-eabi/lib/armv7-m/libc.a(lib_a-impure.o)
                              /home/jens/Documents/Toolchains/gcc-arm-none-eabi-4_9-2015q3/bin/../lib/gcc/arm-none-eabi/4.9.3/../../../../arm-none-eabi/lib/armv7-m/libc.a(lib_a-signal.o) (_impure_ptr)
/home/jens/Documents/Toolchains/gcc-arm-none-eabi-4_9-2015q3/bin/../lib/gcc/arm-none-eabi/4.9.3/../../../../arm-none-eabi/lib/armv7-m/libc.a(lib_a-mallocr.o)
                              /home/jens/Documents/Toolchains/gcc-arm-none-eabi-4_9-2015q3/bin/../lib/gcc/arm-none-eabi/4.9.3/../../../../arm-none-eabi/lib/armv7-m/libc.a(lib_a-signal.o) (_malloc_r)
/home/jens/Documents/Toolchains/gcc-arm-none-eabi-4_9-2015q3/bin/../lib/gcc/arm-none-eabi/4.9.3/../../../../arm-none-eabi/lib/armv7-m/libc.a(lib_a-mlock.o)
                              /home/jens/Documents/Toolchains/gcc-arm-none-eabi-4_9-2015q3/bin/../lib/gcc/arm-none-eabi/4.9.3/../../../../arm-none-eabi/lib/armv7-m/libc.a(lib_a-mallocr.o) (__malloc_lock)
/home/jens/Documents/Toolchains/gcc-arm-none-eabi-4_9-2015q3/bin/../lib/gcc/arm-none-eabi/4.9.3/../../../../arm-none-eabi/lib/armv7-m/libc.a(lib_a-reent.o)
                              /home/jens/Documents/Toolchains/gcc-arm-none-eabi-4_9-2015q3/bin/../lib/gcc/arm-none-eabi/4.9.3/../../../../arm-none-eabi/lib/armv7-m/libc.a(lib_a-signalr.o) (errno)
/home/jens/Documents/Toolchains/gcc-arm-none-eabi-4_9-2015q3/bin/../lib/gcc/arm-none-eabi/4.9.3/../../../../arm-none-eabi/lib/armv7-m/libc.a(lib_a-sbrkr.o)
                              /home/jens/Documents/Toolchains/gcc-arm-none-eabi-4_9-2015q3/bin/../lib/gcc/arm-none-eabi/4.9.3/../../../../arm-none-eabi/lib/armv7-m/libc.a(lib_a-mallocr.o) (_sbrk_r)
/home/jens/Documents/Toolchains/gcc-arm-none-eabi-4_9-2015q3/bin/../lib/gcc/arm-none-eabi/4.9.3/../../../../arm-none-eabi/lib/armv7-m/libc.a(lib_a-freer.o)
                              /home/jens/Documents/Toolchains/gcc-arm-none-eabi-4_9-2015q3/bin/../lib/gcc/arm-none-eabi/4.9.3/../../../../arm-none-eabi/lib/armv7-m/libc.a(lib_a-mallocr.o) (_free_r)
/home/jens/Documents/Toolchains/gcc-arm-none-eabi-4_9-2015q3/bin/../lib/gcc/arm-none-eabi/4.9.3/../../../../arm-none-eabi/lib/armv7-m/libnosys.a(getpid.o)
                              /home/jens/Documents/Toolchains/gcc-arm-none-eabi-4_9-2015q3/bin/../lib/gcc/arm-none-eabi/4.9.3/../../../../arm-none-eabi/lib/armv7-m/libc.a(lib_a-signalr.o) (_getpid)
/home/jens/Documents/Toolchains/gcc-arm-none-eabi-4_9-2015q3/bin/../lib/gcc/arm-none-eabi/4.9.3/../../../../arm-none-eabi/lib/armv7-m/libnosys.a(kill.o)
                              /home/jens/Documents/Toolchains/gcc-arm-none-eabi-4_9-2015q3/bin/../lib/gcc/arm-none-eabi/4.9.3/../../../../arm-none-eabi/lib/armv7-m/libc.a(lib_a-signalr.o) (_kill)
/home/jens/Documents/Toolchains/gcc-arm-none-eabi-4_9-2015q3/bin/../lib/gcc/arm-none-eabi/4.9.3/../../../../arm-none-eabi/lib/armv7-m/libnosys.a(sbrk.o)
                              /home/jens/Documents/Toolchains/gcc-arm-none-eabi-4_9-2015q3/bin/../lib/gcc/arm-none-eabi/4.9.3/../../../../arm-none-eabi/lib/armv7-m/libc.a(lib_a-sbrkr.o) (_sbrk)
/home/jens/Documents/Toolchains/gcc-arm-none-eabi-4_9-2015q3/bin/../lib/gcc/arm-none-eabi/4.9.3/../../../../arm-none-eabi/lib/armv7-m/libnosys.a(_exit.o)
                              /home/jens/Documents/Toolchains/gcc-arm-none-eabi-4_9-2015q3/bin/../lib/gcc/arm-none-eabi/4.9.3/../../../../arm-none-eabi/lib/armv7-m/libc.a(lib_a-abort.o) (_exit)

Allocating common symbols
Common symbol       size              file

errno               0x4               /home/jens/Documents/Toolchains/gcc-arm-none-eabi-4_9-2015q3/bin/../lib/gcc/arm-none-eabi/4.9.3/../../../../arm-none-eabi/lib/armv7-m/libc.a(lib_a-reent.o)

Discarded input sections

 .data          0x00000000        0x0 ./startup/startup_LPC17xx.o
 .bss           0x00000000        0x0 ./startup/startup_LPC17xx.o
 .text          0x00000000        0x0 ./startup/system_LPC17xx.o
 .data          0x00000000        0x0 ./startup/system_LPC17xx.o
 .bss           0x00000000        0x0 ./startup/system_LPC17xx.o
 .text.SystemCoreClockUpdate
                0x00000000       0xb0 ./startup/system_LPC17xx.o
 .text          0x00000000        0x0 ./algorithms/bitCountWP.o
 .data          0x00000000        0x0 ./algorithms/bitCountWP.o
 .bss           0x00000000        0x0 ./algorithms/bitCountWP.o
 .ARM.extab.text._Z9bit_countl
                0x00000000        0x0 ./algorithms/bitCountWP.o
 .text          0x00000000        0x0 ./main.o
 .data          0x00000000        0x0 ./main.o
 .bss           0x00000000        0x0 ./main.o
 .ARM.extab.text.HardFault_Handler
                0x00000000        0x0 ./main.o
 .ARM.extab.text._Z10toggleLed4v
                0x00000000        0x0 ./main.o
 .ARM.extab.text.startup.main
                0x00000000        0x0 ./main.o
 .text          0x00000000       0x30 /home/jens/Documents/Toolchains/gcc-arm-none-eabi-4_9-2015q3/bin/../lib/gcc/arm-none-eabi/4.9.3/armv7-m/libgcc.a(_aeabi_uldivmod.o)
 .data          0x00000000        0x0 /home/jens/Documents/Toolchains/gcc-arm-none-eabi-4_9-2015q3/bin/../lib/gcc/arm-none-eabi/4.9.3/armv7-m/libgcc.a(_aeabi_uldivmod.o)
 .bss           0x00000000        0x0 /home/jens/Documents/Toolchains/gcc-arm-none-eabi-4_9-2015q3/bin/../lib/gcc/arm-none-eabi/4.9.3/armv7-m/libgcc.a(_aeabi_uldivmod.o)
 .debug_frame   0x00000000       0x28 /home/jens/Documents/Toolchains/gcc-arm-none-eabi-4_9-2015q3/bin/../lib/gcc/arm-none-eabi/4.9.3/armv7-m/libgcc.a(_aeabi_uldivmod.o)
 .ARM.attributes
                0x00000000       0x1d /home/jens/Documents/Toolchains/gcc-arm-none-eabi-4_9-2015q3/bin/../lib/gcc/arm-none-eabi/4.9.3/armv7-m/libgcc.a(_aeabi_uldivmod.o)
 .text          0x00000000       0x60 /home/jens/Documents/Toolchains/gcc-arm-none-eabi-4_9-2015q3/bin/../lib/gcc/arm-none-eabi/4.9.3/armv7-m/libgcc.a(bpabi.o)
 .data          0x00000000        0x0 /home/jens/Documents/Toolchains/gcc-arm-none-eabi-4_9-2015q3/bin/../lib/gcc/arm-none-eabi/4.9.3/armv7-m/libgcc.a(bpabi.o)
 .bss           0x00000000        0x0 /home/jens/Documents/Toolchains/gcc-arm-none-eabi-4_9-2015q3/bin/../lib/gcc/arm-none-eabi/4.9.3/armv7-m/libgcc.a(bpabi.o)
 .debug_frame   0x00000000       0x54 /home/jens/Documents/Toolchains/gcc-arm-none-eabi-4_9-2015q3/bin/../lib/gcc/arm-none-eabi/4.9.3/armv7-m/libgcc.a(bpabi.o)
 .ARM.attributes
                0x00000000       0x2d /home/jens/Documents/Toolchains/gcc-arm-none-eabi-4_9-2015q3/bin/../lib/gcc/arm-none-eabi/4.9.3/armv7-m/libgcc.a(bpabi.o)
 .data          0x00000000        0x0 /home/jens/Documents/Toolchains/gcc-arm-none-eabi-4_9-2015q3/bin/../lib/gcc/arm-none-eabi/4.9.3/armv7-m/libgcc.a(unwind-arm.o)
 .bss           0x00000000        0x0 /home/jens/Documents/Toolchains/gcc-arm-none-eabi-4_9-2015q3/bin/../lib/gcc/arm-none-eabi/4.9.3/armv7-m/libgcc.a(unwind-arm.o)
 .ARM.extab     0x00000000        0x0 /home/jens/Documents/Toolchains/gcc-arm-none-eabi-4_9-2015q3/bin/../lib/gcc/arm-none-eabi/4.9.3/armv7-m/libgcc.a(unwind-arm.o)
 .debug_frame   0x00000000      0x300 /home/jens/Documents/Toolchains/gcc-arm-none-eabi-4_9-2015q3/bin/../lib/gcc/arm-none-eabi/4.9.3/armv7-m/libgcc.a(unwind-arm.o)
 .ARM.attributes
                0x00000000       0x2d /home/jens/Documents/Toolchains/gcc-arm-none-eabi-4_9-2015q3/bin/../lib/gcc/arm-none-eabi/4.9.3/armv7-m/libgcc.a(unwind-arm.o)
 .data          0x00000000        0x0 /home/jens/Documents/Toolchains/gcc-arm-none-eabi-4_9-2015q3/bin/../lib/gcc/arm-none-eabi/4.9.3/armv7-m/libgcc.a(libunwind.o)
 .bss           0x00000000        0x0 /home/jens/Documents/Toolchains/gcc-arm-none-eabi-4_9-2015q3/bin/../lib/gcc/arm-none-eabi/4.9.3/armv7-m/libgcc.a(libunwind.o)
 .ARM.attributes
                0x00000000       0x1d /home/jens/Documents/Toolchains/gcc-arm-none-eabi-4_9-2015q3/bin/../lib/gcc/arm-none-eabi/4.9.3/armv7-m/libgcc.a(libunwind.o)
 .data          0x00000000        0x0 /home/jens/Documents/Toolchains/gcc-arm-none-eabi-4_9-2015q3/bin/../lib/gcc/arm-none-eabi/4.9.3/armv7-m/libgcc.a(pr-support.o)
 .bss           0x00000000        0x0 /home/jens/Documents/Toolchains/gcc-arm-none-eabi-4_9-2015q3/bin/../lib/gcc/arm-none-eabi/4.9.3/armv7-m/libgcc.a(pr-support.o)
 .debug_frame   0x00000000      0x104 /home/jens/Documents/Toolchains/gcc-arm-none-eabi-4_9-2015q3/bin/../lib/gcc/arm-none-eabi/4.9.3/armv7-m/libgcc.a(pr-support.o)
 .ARM.attributes
                0x00000000       0x2d /home/jens/Documents/Toolchains/gcc-arm-none-eabi-4_9-2015q3/bin/../lib/gcc/arm-none-eabi/4.9.3/armv7-m/libgcc.a(pr-support.o)
 .text          0x00000000        0x4 /home/jens/Documents/Toolchains/gcc-arm-none-eabi-4_9-2015q3/bin/../lib/gcc/arm-none-eabi/4.9.3/armv7-m/libgcc.a(_dvmd_tls.o)
 .data          0x00000000        0x0 /home/jens/Documents/Toolchains/gcc-arm-none-eabi-4_9-2015q3/bin/../lib/gcc/arm-none-eabi/4.9.3/armv7-m/libgcc.a(_dvmd_tls.o)
 .bss           0x00000000        0x0 /home/jens/Documents/Toolchains/gcc-arm-none-eabi-4_9-2015q3/bin/../lib/gcc/arm-none-eabi/4.9.3/armv7-m/libgcc.a(_dvmd_tls.o)
 .ARM.attributes
                0x00000000       0x1d /home/jens/Documents/Toolchains/gcc-arm-none-eabi-4_9-2015q3/bin/../lib/gcc/arm-none-eabi/4.9.3/armv7-m/libgcc.a(_dvmd_tls.o)
 .text          0x00000000      0x2ac /home/jens/Documents/Toolchains/gcc-arm-none-eabi-4_9-2015q3/bin/../lib/gcc/arm-none-eabi/4.9.3/armv7-m/libgcc.a(_divdi3.o)
 .data          0x00000000        0x0 /home/jens/Documents/Toolchains/gcc-arm-none-eabi-4_9-2015q3/bin/../lib/gcc/arm-none-eabi/4.9.3/armv7-m/libgcc.a(_divdi3.o)
 .bss           0x00000000        0x0 /home/jens/Documents/Toolchains/gcc-arm-none-eabi-4_9-2015q3/bin/../lib/gcc/arm-none-eabi/4.9.3/armv7-m/libgcc.a(_divdi3.o)
 .ARM.extab     0x00000000        0x0 /home/jens/Documents/Toolchains/gcc-arm-none-eabi-4_9-2015q3/bin/../lib/gcc/arm-none-eabi/4.9.3/armv7-m/libgcc.a(_divdi3.o)
 .ARM.exidx     0x00000000        0x8 /home/jens/Documents/Toolchains/gcc-arm-none-eabi-4_9-2015q3/bin/../lib/gcc/arm-none-eabi/4.9.3/armv7-m/libgcc.a(_divdi3.o)
 .debug_frame   0x00000000       0x34 /home/jens/Documents/Toolchains/gcc-arm-none-eabi-4_9-2015q3/bin/../lib/gcc/arm-none-eabi/4.9.3/armv7-m/libgcc.a(_divdi3.o)
 .ARM.attributes
                0x00000000       0x2d /home/jens/Documents/Toolchains/gcc-arm-none-eabi-4_9-2015q3/bin/../lib/gcc/arm-none-eabi/4.9.3/armv7-m/libgcc.a(_divdi3.o)
 .text          0x00000000      0x270 /home/jens/Documents/Toolchains/gcc-arm-none-eabi-4_9-2015q3/bin/../lib/gcc/arm-none-eabi/4.9.3/armv7-m/libgcc.a(_udivdi3.o)
 .data          0x00000000        0x0 /home/jens/Documents/Toolchains/gcc-arm-none-eabi-4_9-2015q3/bin/../lib/gcc/arm-none-eabi/4.9.3/armv7-m/libgcc.a(_udivdi3.o)
 .bss           0x00000000        0x0 /home/jens/Documents/Toolchains/gcc-arm-none-eabi-4_9-2015q3/bin/../lib/gcc/arm-none-eabi/4.9.3/armv7-m/libgcc.a(_udivdi3.o)
 .ARM.extab     0x00000000        0x0 /home/jens/Documents/Toolchains/gcc-arm-none-eabi-4_9-2015q3/bin/../lib/gcc/arm-none-eabi/4.9.3/armv7-m/libgcc.a(_udivdi3.o)
 .ARM.exidx     0x00000000        0x8 /home/jens/Documents/Toolchains/gcc-arm-none-eabi-4_9-2015q3/bin/../lib/gcc/arm-none-eabi/4.9.3/armv7-m/libgcc.a(_udivdi3.o)
 .debug_frame   0x00000000       0x34 /home/jens/Documents/Toolchains/gcc-arm-none-eabi-4_9-2015q3/bin/../lib/gcc/arm-none-eabi/4.9.3/armv7-m/libgcc.a(_udivdi3.o)
 .ARM.attributes
                0x00000000       0x2d /home/jens/Documents/Toolchains/gcc-arm-none-eabi-4_9-2015q3/bin/../lib/gcc/arm-none-eabi/4.9.3/armv7-m/libgcc.a(_udivdi3.o)
 .text          0x00000000        0x0 /home/jens/Documents/Toolchains/gcc-arm-none-eabi-4_9-2015q3/bin/../lib/gcc/arm-none-eabi/4.9.3/../../../../arm-none-eabi/lib/armv7-m/libc.a(lib_a-abort.o)
 .data          0x00000000        0x0 /home/jens/Documents/Toolchains/gcc-arm-none-eabi-4_9-2015q3/bin/../lib/gcc/arm-none-eabi/4.9.3/../../../../arm-none-eabi/lib/armv7-m/libc.a(lib_a-abort.o)
 .bss           0x00000000        0x0 /home/jens/Documents/Toolchains/gcc-arm-none-eabi-4_9-2015q3/bin/../lib/gcc/arm-none-eabi/4.9.3/../../../../arm-none-eabi/lib/armv7-m/libc.a(lib_a-abort.o)
 .debug_frame   0x00000000       0x28 /home/jens/Documents/Toolchains/gcc-arm-none-eabi-4_9-2015q3/bin/../lib/gcc/arm-none-eabi/4.9.3/../../../../arm-none-eabi/lib/armv7-m/libc.a(lib_a-abort.o)
 .ARM.attributes
                0x00000000       0x2d /home/jens/Documents/Toolchains/gcc-arm-none-eabi-4_9-2015q3/bin/../lib/gcc/arm-none-eabi/4.9.3/../../../../arm-none-eabi/lib/armv7-m/libc.a(lib_a-abort.o)
 .data          0x00000000        0x0 /home/jens/Documents/Toolchains/gcc-arm-none-eabi-4_9-2015q3/bin/../lib/gcc/arm-none-eabi/4.9.3/../../../../arm-none-eabi/lib/armv7-m/libc.a(lib_a-memcpy.o)
 .bss           0x00000000        0x0 /home/jens/Documents/Toolchains/gcc-arm-none-eabi-4_9-2015q3/bin/../lib/gcc/arm-none-eabi/4.9.3/../../../../arm-none-eabi/lib/armv7-m/libc.a(lib_a-memcpy.o)
 .ARM.attributes
                0x00000000       0x1b /home/jens/Documents/Toolchains/gcc-arm-none-eabi-4_9-2015q3/bin/../lib/gcc/arm-none-eabi/4.9.3/../../../../arm-none-eabi/lib/armv7-m/libc.a(lib_a-memcpy.o)
 .text          0x00000000        0x0 /home/jens/Documents/Toolchains/gcc-arm-none-eabi-4_9-2015q3/bin/../lib/gcc/arm-none-eabi/4.9.3/../../../../arm-none-eabi/lib/armv7-m/libc.a(lib_a-signal.o)
 .data          0x00000000        0x0 /home/jens/Documents/Toolchains/gcc-arm-none-eabi-4_9-2015q3/bin/../lib/gcc/arm-none-eabi/4.9.3/../../../../arm-none-eabi/lib/armv7-m/libc.a(lib_a-signal.o)
 .bss           0x00000000        0x0 /home/jens/Documents/Toolchains/gcc-arm-none-eabi-4_9-2015q3/bin/../lib/gcc/arm-none-eabi/4.9.3/../../../../arm-none-eabi/lib/armv7-m/libc.a(lib_a-signal.o)
 .text._init_signal_r
                0x00000000       0x38 /home/jens/Documents/Toolchains/gcc-arm-none-eabi-4_9-2015q3/bin/../lib/gcc/arm-none-eabi/4.9.3/../../../../arm-none-eabi/lib/armv7-m/libc.a(lib_a-signal.o)
 .text._signal_r
                0x00000000       0x38 /home/jens/Documents/Toolchains/gcc-arm-none-eabi-4_9-2015q3/bin/../lib/gcc/arm-none-eabi/4.9.3/../../../../arm-none-eabi/lib/armv7-m/libc.a(lib_a-signal.o)
 .text.__sigtramp_r
                0x00000000       0x54 /home/jens/Documents/Toolchains/gcc-arm-none-eabi-4_9-2015q3/bin/../lib/gcc/arm-none-eabi/4.9.3/../../../../arm-none-eabi/lib/armv7-m/libc.a(lib_a-signal.o)
 .text.signal   0x00000000       0x10 /home/jens/Documents/Toolchains/gcc-arm-none-eabi-4_9-2015q3/bin/../lib/gcc/arm-none-eabi/4.9.3/../../../../arm-none-eabi/lib/armv7-m/libc.a(lib_a-signal.o)
 .text._init_signal
                0x00000000        0xc /home/jens/Documents/Toolchains/gcc-arm-none-eabi-4_9-2015q3/bin/../lib/gcc/arm-none-eabi/4.9.3/../../../../arm-none-eabi/lib/armv7-m/libc.a(lib_a-signal.o)
 .text.__sigtramp
                0x00000000       0x10 /home/jens/Documents/Toolchains/gcc-arm-none-eabi-4_9-2015q3/bin/../lib/gcc/arm-none-eabi/4.9.3/../../../../arm-none-eabi/lib/armv7-m/libc.a(lib_a-signal.o)
 .debug_frame   0x00000000       0xe4 /home/jens/Documents/Toolchains/gcc-arm-none-eabi-4_9-2015q3/bin/../lib/gcc/arm-none-eabi/4.9.3/../../../../arm-none-eabi/lib/armv7-m/libc.a(lib_a-signal.o)
 .ARM.attributes
                0x00000000       0x2d /home/jens/Documents/Toolchains/gcc-arm-none-eabi-4_9-2015q3/bin/../lib/gcc/arm-none-eabi/4.9.3/../../../../arm-none-eabi/lib/armv7-m/libc.a(lib_a-signal.o)
 .text          0x00000000        0x0 /home/jens/Documents/Toolchains/gcc-arm-none-eabi-4_9-2015q3/bin/../lib/gcc/arm-none-eabi/4.9.3/../../../../arm-none-eabi/lib/armv7-m/libc.a(lib_a-signalr.o)
 .data          0x00000000        0x0 /home/jens/Documents/Toolchains/gcc-arm-none-eabi-4_9-2015q3/bin/../lib/gcc/arm-none-eabi/4.9.3/../../../../arm-none-eabi/lib/armv7-m/libc.a(lib_a-signalr.o)
 .bss           0x00000000        0x0 /home/jens/Documents/Toolchains/gcc-arm-none-eabi-4_9-2015q3/bin/../lib/gcc/arm-none-eabi/4.9.3/../../../../arm-none-eabi/lib/armv7-m/libc.a(lib_a-signalr.o)
 .debug_frame   0x00000000       0x3c /home/jens/Documents/Toolchains/gcc-arm-none-eabi-4_9-2015q3/bin/../lib/gcc/arm-none-eabi/4.9.3/../../../../arm-none-eabi/lib/armv7-m/libc.a(lib_a-signalr.o)
 .ARM.attributes
                0x00000000       0x2d /home/jens/Documents/Toolchains/gcc-arm-none-eabi-4_9-2015q3/bin/../lib/gcc/arm-none-eabi/4.9.3/../../../../arm-none-eabi/lib/armv7-m/libc.a(lib_a-signalr.o)
 .text          0x00000000        0x0 /home/jens/Documents/Toolchains/gcc-arm-none-eabi-4_9-2015q3/bin/../lib/gcc/arm-none-eabi/4.9.3/../../../../arm-none-eabi/lib/armv7-m/libc.a(lib_a-impure.o)
 .data          0x00000000        0x0 /home/jens/Documents/Toolchains/gcc-arm-none-eabi-4_9-2015q3/bin/../lib/gcc/arm-none-eabi/4.9.3/../../../../arm-none-eabi/lib/armv7-m/libc.a(lib_a-impure.o)
 .bss           0x00000000        0x0 /home/jens/Documents/Toolchains/gcc-arm-none-eabi-4_9-2015q3/bin/../lib/gcc/arm-none-eabi/4.9.3/../../../../arm-none-eabi/lib/armv7-m/libc.a(lib_a-impure.o)
 .rodata._global_impure_ptr
                0x00000000        0x4 /home/jens/Documents/Toolchains/gcc-arm-none-eabi-4_9-2015q3/bin/../lib/gcc/arm-none-eabi/4.9.3/../../../../arm-none-eabi/lib/armv7-m/libc.a(lib_a-impure.o)
 .ARM.attributes
                0x00000000       0x2d /home/jens/Documents/Toolchains/gcc-arm-none-eabi-4_9-2015q3/bin/../lib/gcc/arm-none-eabi/4.9.3/../../../../arm-none-eabi/lib/armv7-m/libc.a(lib_a-impure.o)
 .text          0x00000000        0x0 /home/jens/Documents/Toolchains/gcc-arm-none-eabi-4_9-2015q3/bin/../lib/gcc/arm-none-eabi/4.9.3/../../../../arm-none-eabi/lib/armv7-m/libc.a(lib_a-mallocr.o)
 .data          0x00000000        0x0 /home/jens/Documents/Toolchains/gcc-arm-none-eabi-4_9-2015q3/bin/../lib/gcc/arm-none-eabi/4.9.3/../../../../arm-none-eabi/lib/armv7-m/libc.a(lib_a-mallocr.o)
 .bss           0x00000000        0x0 /home/jens/Documents/Toolchains/gcc-arm-none-eabi-4_9-2015q3/bin/../lib/gcc/arm-none-eabi/4.9.3/../../../../arm-none-eabi/lib/armv7-m/libc.a(lib_a-mallocr.o)
 .text._malloc_r
                0x00000000      0x50c /home/jens/Documents/Toolchains/gcc-arm-none-eabi-4_9-2015q3/bin/../lib/gcc/arm-none-eabi/4.9.3/../../../../arm-none-eabi/lib/armv7-m/libc.a(lib_a-mallocr.o)
 .data.__malloc_av_
                0x00000000      0x408 /home/jens/Documents/Toolchains/gcc-arm-none-eabi-4_9-2015q3/bin/../lib/gcc/arm-none-eabi/4.9.3/../../../../arm-none-eabi/lib/armv7-m/libc.a(lib_a-mallocr.o)
 .data.__malloc_trim_threshold
                0x00000000        0x4 /home/jens/Documents/Toolchains/gcc-arm-none-eabi-4_9-2015q3/bin/../lib/gcc/arm-none-eabi/4.9.3/../../../../arm-none-eabi/lib/armv7-m/libc.a(lib_a-mallocr.o)
 .bss.__malloc_max_total_mem
                0x00000000        0x4 /home/jens/Documents/Toolchains/gcc-arm-none-eabi-4_9-2015q3/bin/../lib/gcc/arm-none-eabi/4.9.3/../../../../arm-none-eabi/lib/armv7-m/libc.a(lib_a-mallocr.o)
 .bss.__malloc_max_sbrked_mem
                0x00000000        0x4 /home/jens/Documents/Toolchains/gcc-arm-none-eabi-4_9-2015q3/bin/../lib/gcc/arm-none-eabi/4.9.3/../../../../arm-none-eabi/lib/armv7-m/libc.a(lib_a-mallocr.o)
 .bss.__malloc_top_pad
                0x00000000        0x4 /home/jens/Documents/Toolchains/gcc-arm-none-eabi-4_9-2015q3/bin/../lib/gcc/arm-none-eabi/4.9.3/../../../../arm-none-eabi/lib/armv7-m/libc.a(lib_a-mallocr.o)
 .bss.__malloc_current_mallinfo
                0x00000000       0x28 /home/jens/Documents/Toolchains/gcc-arm-none-eabi-4_9-2015q3/bin/../lib/gcc/arm-none-eabi/4.9.3/../../../../arm-none-eabi/lib/armv7-m/libc.a(lib_a-mallocr.o)
 .data.__malloc_sbrk_base
                0x00000000        0x4 /home/jens/Documents/Toolchains/gcc-arm-none-eabi-4_9-2015q3/bin/../lib/gcc/arm-none-eabi/4.9.3/../../../../arm-none-eabi/lib/armv7-m/libc.a(lib_a-mallocr.o)
 .debug_frame   0x00000000       0x54 /home/jens/Documents/Toolchains/gcc-arm-none-eabi-4_9-2015q3/bin/../lib/gcc/arm-none-eabi/4.9.3/../../../../arm-none-eabi/lib/armv7-m/libc.a(lib_a-mallocr.o)
 .ARM.attributes
                0x00000000       0x2d /home/jens/Documents/Toolchains/gcc-arm-none-eabi-4_9-2015q3/bin/../lib/gcc/arm-none-eabi/4.9.3/../../../../arm-none-eabi/lib/armv7-m/libc.a(lib_a-mallocr.o)
 .text          0x00000000        0x0 /home/jens/Documents/Toolchains/gcc-arm-none-eabi-4_9-2015q3/bin/../lib/gcc/arm-none-eabi/4.9.3/../../../../arm-none-eabi/lib/armv7-m/libc.a(lib_a-mlock.o)
 .data          0x00000000        0x0 /home/jens/Documents/Toolchains/gcc-arm-none-eabi-4_9-2015q3/bin/../lib/gcc/arm-none-eabi/4.9.3/../../../../arm-none-eabi/lib/armv7-m/libc.a(lib_a-mlock.o)
 .bss           0x00000000        0x0 /home/jens/Documents/Toolchains/gcc-arm-none-eabi-4_9-2015q3/bin/../lib/gcc/arm-none-eabi/4.9.3/../../../../arm-none-eabi/lib/armv7-m/libc.a(lib_a-mlock.o)
 .text.__malloc_lock
                0x00000000        0x4 /home/jens/Documents/Toolchains/gcc-arm-none-eabi-4_9-2015q3/bin/../lib/gcc/arm-none-eabi/4.9.3/../../../../arm-none-eabi/lib/armv7-m/libc.a(lib_a-mlock.o)
 .text.__malloc_unlock
                0x00000000        0x4 /home/jens/Documents/Toolchains/gcc-arm-none-eabi-4_9-2015q3/bin/../lib/gcc/arm-none-eabi/4.9.3/../../../../arm-none-eabi/lib/armv7-m/libc.a(lib_a-mlock.o)
 .debug_frame   0x00000000       0x30 /home/jens/Documents/Toolchains/gcc-arm-none-eabi-4_9-2015q3/bin/../lib/gcc/arm-none-eabi/4.9.3/../../../../arm-none-eabi/lib/armv7-m/libc.a(lib_a-mlock.o)
 .ARM.attributes
                0x00000000       0x2d /home/jens/Documents/Toolchains/gcc-arm-none-eabi-4_9-2015q3/bin/../lib/gcc/arm-none-eabi/4.9.3/../../../../arm-none-eabi/lib/armv7-m/libc.a(lib_a-mlock.o)
 .text          0x00000000        0x0 /home/jens/Documents/Toolchains/gcc-arm-none-eabi-4_9-2015q3/bin/../lib/gcc/arm-none-eabi/4.9.3/../../../../arm-none-eabi/lib/armv7-m/libc.a(lib_a-reent.o)
 .data          0x00000000        0x0 /home/jens/Documents/Toolchains/gcc-arm-none-eabi-4_9-2015q3/bin/../lib/gcc/arm-none-eabi/4.9.3/../../../../arm-none-eabi/lib/armv7-m/libc.a(lib_a-reent.o)
 .bss           0x00000000        0x0 /home/jens/Documents/Toolchains/gcc-arm-none-eabi-4_9-2015q3/bin/../lib/gcc/arm-none-eabi/4.9.3/../../../../arm-none-eabi/lib/armv7-m/libc.a(lib_a-reent.o)
 .text.cleanup_glue
                0x00000000       0x1c /home/jens/Documents/Toolchains/gcc-arm-none-eabi-4_9-2015q3/bin/../lib/gcc/arm-none-eabi/4.9.3/../../../../arm-none-eabi/lib/armv7-m/libc.a(lib_a-reent.o)
 .text._reclaim_reent
                0x00000000       0x88 /home/jens/Documents/Toolchains/gcc-arm-none-eabi-4_9-2015q3/bin/../lib/gcc/arm-none-eabi/4.9.3/../../../../arm-none-eabi/lib/armv7-m/libc.a(lib_a-reent.o)
 .debug_frame   0x00000000       0x58 /home/jens/Documents/Toolchains/gcc-arm-none-eabi-4_9-2015q3/bin/../lib/gcc/arm-none-eabi/4.9.3/../../../../arm-none-eabi/lib/armv7-m/libc.a(lib_a-reent.o)
 .ARM.attributes
                0x00000000       0x2d /home/jens/Documents/Toolchains/gcc-arm-none-eabi-4_9-2015q3/bin/../lib/gcc/arm-none-eabi/4.9.3/../../../../arm-none-eabi/lib/armv7-m/libc.a(lib_a-reent.o)
 .text          0x00000000        0x0 /home/jens/Documents/Toolchains/gcc-arm-none-eabi-4_9-2015q3/bin/../lib/gcc/arm-none-eabi/4.9.3/../../../../arm-none-eabi/lib/armv7-m/libc.a(lib_a-sbrkr.o)
 .data          0x00000000        0x0 /home/jens/Documents/Toolchains/gcc-arm-none-eabi-4_9-2015q3/bin/../lib/gcc/arm-none-eabi/4.9.3/../../../../arm-none-eabi/lib/armv7-m/libc.a(lib_a-sbrkr.o)
 .bss           0x00000000        0x0 /home/jens/Documents/Toolchains/gcc-arm-none-eabi-4_9-2015q3/bin/../lib/gcc/arm-none-eabi/4.9.3/../../../../arm-none-eabi/lib/armv7-m/libc.a(lib_a-sbrkr.o)
 .text._sbrk_r  0x00000000       0x24 /home/jens/Documents/Toolchains/gcc-arm-none-eabi-4_9-2015q3/bin/../lib/gcc/arm-none-eabi/4.9.3/../../../../arm-none-eabi/lib/armv7-m/libc.a(lib_a-sbrkr.o)
 .debug_frame   0x00000000       0x2c /home/jens/Documents/Toolchains/gcc-arm-none-eabi-4_9-2015q3/bin/../lib/gcc/arm-none-eabi/4.9.3/../../../../arm-none-eabi/lib/armv7-m/libc.a(lib_a-sbrkr.o)
 .ARM.attributes
                0x00000000       0x2d /home/jens/Documents/Toolchains/gcc-arm-none-eabi-4_9-2015q3/bin/../lib/gcc/arm-none-eabi/4.9.3/../../../../arm-none-eabi/lib/armv7-m/libc.a(lib_a-sbrkr.o)
 .text          0x00000000        0x0 /home/jens/Documents/Toolchains/gcc-arm-none-eabi-4_9-2015q3/bin/../lib/gcc/arm-none-eabi/4.9.3/../../../../arm-none-eabi/lib/armv7-m/libc.a(lib_a-freer.o)
 .data          0x00000000        0x0 /home/jens/Documents/Toolchains/gcc-arm-none-eabi-4_9-2015q3/bin/../lib/gcc/arm-none-eabi/4.9.3/../../../../arm-none-eabi/lib/armv7-m/libc.a(lib_a-freer.o)
 .bss           0x00000000        0x0 /home/jens/Documents/Toolchains/gcc-arm-none-eabi-4_9-2015q3/bin/../lib/gcc/arm-none-eabi/4.9.3/../../../../arm-none-eabi/lib/armv7-m/libc.a(lib_a-freer.o)
 .text._malloc_trim_r
                0x00000000       0x9c /home/jens/Documents/Toolchains/gcc-arm-none-eabi-4_9-2015q3/bin/../lib/gcc/arm-none-eabi/4.9.3/../../../../arm-none-eabi/lib/armv7-m/libc.a(lib_a-freer.o)
 .text._free_r  0x00000000      0x1b0 /home/jens/Documents/Toolchains/gcc-arm-none-eabi-4_9-2015q3/bin/../lib/gcc/arm-none-eabi/4.9.3/../../../../arm-none-eabi/lib/armv7-m/libc.a(lib_a-freer.o)
 .debug_frame   0x00000000       0x74 /home/jens/Documents/Toolchains/gcc-arm-none-eabi-4_9-2015q3/bin/../lib/gcc/arm-none-eabi/4.9.3/../../../../arm-none-eabi/lib/armv7-m/libc.a(lib_a-freer.o)
 .ARM.attributes
                0x00000000       0x2d /home/jens/Documents/Toolchains/gcc-arm-none-eabi-4_9-2015q3/bin/../lib/gcc/arm-none-eabi/4.9.3/../../../../arm-none-eabi/lib/armv7-m/libc.a(lib_a-freer.o)
 .text          0x00000000        0x0 /home/jens/Documents/Toolchains/gcc-arm-none-eabi-4_9-2015q3/bin/../lib/gcc/arm-none-eabi/4.9.3/../../../../arm-none-eabi/lib/armv7-m/libnosys.a(getpid.o)
 .data          0x00000000        0x0 /home/jens/Documents/Toolchains/gcc-arm-none-eabi-4_9-2015q3/bin/../lib/gcc/arm-none-eabi/4.9.3/../../../../arm-none-eabi/lib/armv7-m/libnosys.a(getpid.o)
 .bss           0x00000000        0x0 /home/jens/Documents/Toolchains/gcc-arm-none-eabi-4_9-2015q3/bin/../lib/gcc/arm-none-eabi/4.9.3/../../../../arm-none-eabi/lib/armv7-m/libnosys.a(getpid.o)
 .stab          0x00000000       0x24 /home/jens/Documents/Toolchains/gcc-arm-none-eabi-4_9-2015q3/bin/../lib/gcc/arm-none-eabi/4.9.3/../../../../arm-none-eabi/lib/armv7-m/libnosys.a(getpid.o)
 .debug_frame   0x00000000       0x20 /home/jens/Documents/Toolchains/gcc-arm-none-eabi-4_9-2015q3/bin/../lib/gcc/arm-none-eabi/4.9.3/../../../../arm-none-eabi/lib/armv7-m/libnosys.a(getpid.o)
 .ARM.attributes
                0x00000000       0x2d /home/jens/Documents/Toolchains/gcc-arm-none-eabi-4_9-2015q3/bin/../lib/gcc/arm-none-eabi/4.9.3/../../../../arm-none-eabi/lib/armv7-m/libnosys.a(getpid.o)
 .text          0x00000000        0x0 /home/jens/Documents/Toolchains/gcc-arm-none-eabi-4_9-2015q3/bin/../lib/gcc/arm-none-eabi/4.9.3/../../../../arm-none-eabi/lib/armv7-m/libnosys.a(kill.o)
 .data          0x00000000        0x0 /home/jens/Documents/Toolchains/gcc-arm-none-eabi-4_9-2015q3/bin/../lib/gcc/arm-none-eabi/4.9.3/../../../../arm-none-eabi/lib/armv7-m/libnosys.a(kill.o)
 .bss           0x00000000        0x0 /home/jens/Documents/Toolchains/gcc-arm-none-eabi-4_9-2015q3/bin/../lib/gcc/arm-none-eabi/4.9.3/../../../../arm-none-eabi/lib/armv7-m/libnosys.a(kill.o)
 .stab          0x00000000       0x18 /home/jens/Documents/Toolchains/gcc-arm-none-eabi-4_9-2015q3/bin/../lib/gcc/arm-none-eabi/4.9.3/../../../../arm-none-eabi/lib/armv7-m/libnosys.a(kill.o)
                                 0x24 (size before relaxing)
 .debug_frame   0x00000000       0x20 /home/jens/Documents/Toolchains/gcc-arm-none-eabi-4_9-2015q3/bin/../lib/gcc/arm-none-eabi/4.9.3/../../../../arm-none-eabi/lib/armv7-m/libnosys.a(kill.o)
 .ARM.attributes
                0x00000000       0x2d /home/jens/Documents/Toolchains/gcc-arm-none-eabi-4_9-2015q3/bin/../lib/gcc/arm-none-eabi/4.9.3/../../../../arm-none-eabi/lib/armv7-m/libnosys.a(kill.o)
 .text          0x00000000        0x0 /home/jens/Documents/Toolchains/gcc-arm-none-eabi-4_9-2015q3/bin/../lib/gcc/arm-none-eabi/4.9.3/../../../../arm-none-eabi/lib/armv7-m/libnosys.a(sbrk.o)
 .data          0x00000000        0x0 /home/jens/Documents/Toolchains/gcc-arm-none-eabi-4_9-2015q3/bin/../lib/gcc/arm-none-eabi/4.9.3/../../../../arm-none-eabi/lib/armv7-m/libnosys.a(sbrk.o)
 .bss           0x00000000        0x0 /home/jens/Documents/Toolchains/gcc-arm-none-eabi-4_9-2015q3/bin/../lib/gcc/arm-none-eabi/4.9.3/../../../../arm-none-eabi/lib/armv7-m/libnosys.a(sbrk.o)
 .text._sbrk    0x00000000       0x1c /home/jens/Documents/Toolchains/gcc-arm-none-eabi-4_9-2015q3/bin/../lib/gcc/arm-none-eabi/4.9.3/../../../../arm-none-eabi/lib/armv7-m/libnosys.a(sbrk.o)
 .bss.heap_end.4079
                0x00000000        0x4 /home/jens/Documents/Toolchains/gcc-arm-none-eabi-4_9-2015q3/bin/../lib/gcc/arm-none-eabi/4.9.3/../../../../arm-none-eabi/lib/armv7-m/libnosys.a(sbrk.o)
 .debug_frame   0x00000000       0x20 /home/jens/Documents/Toolchains/gcc-arm-none-eabi-4_9-2015q3/bin/../lib/gcc/arm-none-eabi/4.9.3/../../../../arm-none-eabi/lib/armv7-m/libnosys.a(sbrk.o)
 .ARM.attributes
                0x00000000       0x2d /home/jens/Documents/Toolchains/gcc-arm-none-eabi-4_9-2015q3/bin/../lib/gcc/arm-none-eabi/4.9.3/../../../../arm-none-eabi/lib/armv7-m/libnosys.a(sbrk.o)
 .text          0x00000000        0x0 /home/jens/Documents/Toolchains/gcc-arm-none-eabi-4_9-2015q3/bin/../lib/gcc/arm-none-eabi/4.9.3/../../../../arm-none-eabi/lib/armv7-m/libnosys.a(_exit.o)
 .data          0x00000000        0x0 /home/jens/Documents/Toolchains/gcc-arm-none-eabi-4_9-2015q3/bin/../lib/gcc/arm-none-eabi/4.9.3/../../../../arm-none-eabi/lib/armv7-m/libnosys.a(_exit.o)
 .bss           0x00000000        0x0 /home/jens/Documents/Toolchains/gcc-arm-none-eabi-4_9-2015q3/bin/../lib/gcc/arm-none-eabi/4.9.3/../../../../arm-none-eabi/lib/armv7-m/libnosys.a(_exit.o)
 .debug_frame   0x00000000       0x20 /home/jens/Documents/Toolchains/gcc-arm-none-eabi-4_9-2015q3/bin/../lib/gcc/arm-none-eabi/4.9.3/../../../../arm-none-eabi/lib/armv7-m/libnosys.a(_exit.o)
 .ARM.attributes
                0x00000000       0x2d /home/jens/Documents/Toolchains/gcc-arm-none-eabi-4_9-2015q3/bin/../lib/gcc/arm-none-eabi/4.9.3/../../../../arm-none-eabi/lib/armv7-m/libnosys.a(_exit.o)

Memory Configuration

Name             Origin             Length             Attributes
FLASH            0x00000000         0x00080000         xr
RAM              0x100000c8         0x00007f38         xrw
USB_RAM          0x2007c000         0x00004000         xrw
ETH_RAM          0x20080000         0x00004000         xrw
*default*        0x00000000         0xffffffff

Linker script and memory map

LOAD ./startup/startup_LPC17xx.o
LOAD ./startup/system_LPC17xx.o
LOAD ./algorithms/bitCountWP.o
LOAD ./main.o
LOAD /home/jens/Documents/Toolchains/gcc-arm-none-eabi-4_9-2015q3/bin/../lib/gcc/arm-none-eabi/4.9.3/../../../../arm-none-eabi/lib/armv7-m/libstdc++.a
LOAD /home/jens/Documents/Toolchains/gcc-arm-none-eabi-4_9-2015q3/bin/../lib/gcc/arm-none-eabi/4.9.3/../../../../arm-none-eabi/lib/armv7-m/libm.a
START GROUP
LOAD /home/jens/Documents/Toolchains/gcc-arm-none-eabi-4_9-2015q3/bin/../lib/gcc/arm-none-eabi/4.9.3/armv7-m/libgcc.a
LOAD /home/jens/Documents/Toolchains/gcc-arm-none-eabi-4_9-2015q3/bin/../lib/gcc/arm-none-eabi/4.9.3/../../../../arm-none-eabi/lib/armv7-m/libc.a
END GROUP
START GROUP
LOAD /home/jens/Documents/Toolchains/gcc-arm-none-eabi-4_9-2015q3/bin/../lib/gcc/arm-none-eabi/4.9.3/armv7-m/libgcc.a
LOAD /home/jens/Documents/Toolchains/gcc-arm-none-eabi-4_9-2015q3/bin/../lib/gcc/arm-none-eabi/4.9.3/../../../../arm-none-eabi/lib/armv7-m/libc.a
LOAD /home/jens/Documents/Toolchains/gcc-arm-none-eabi-4_9-2015q3/bin/../lib/gcc/arm-none-eabi/4.9.3/../../../../arm-none-eabi/lib/armv7-m/libnosys.a
END GROUP

.text           0x00000000     0x1450
 *(.isr_vector)
 .isr_vector    0x00000000       0xcc ./startup/startup_LPC17xx.o
                0x00000000                __isr_vector
 *(.text*)
 .text          0x000000cc       0x44 ./startup/startup_LPC17xx.o
                0x000000cc                Reset_Handler
                0x000000fc                NMI_Handler
                0x00000100                MemManage_Handler
                0x00000102                BusFault_Handler
                0x00000104                UsageFault_Handler
                0x00000106                SVC_Handler
                0x00000108                DebugMon_Handler
                0x0000010a                PendSV_Handler
                0x0000010c                SysTick_Handler
                0x0000010e                TIMER2_IRQHandler
                0x0000010e                RIT_IRQHandler
                0x0000010e                I2C0_IRQHandler
                0x0000010e                USBActivity_IRQHandler
                0x0000010e                PWM1_IRQHandler
                0x0000010e                I2C1_IRQHandler
                0x0000010e                EINT2_IRQHandler
                0x0000010e                UART1_IRQHandler
                0x0000010e                EINT3_IRQHandler
                0x0000010e                CANActivity_IRQHandler
                0x0000010e                TIMER3_IRQHandler
                0x0000010e                UART0_IRQHandler
                0x0000010e                PLL0_IRQHandler
                0x0000010e                CAN_IRQHandler
                0x0000010e                PLL1_IRQHandler
                0x0000010e                SSP0_IRQHandler
                0x0000010e                I2S_IRQHandler
                0x0000010e                I2C2_IRQHandler
                0x0000010e                RTC_IRQHandler
                0x0000010e                TIMER0_IRQHandler
                0x0000010e                SPI_IRQHandler
                0x0000010e                EINT1_IRQHandler
                0x0000010e                TIMER1_IRQHandler
                0x0000010e                UART2_IRQHandler
                0x0000010e                Default_Handler
                0x0000010e                ADC_IRQHandler
                0x0000010e                SSP1_IRQHandler
                0x0000010e                USB_IRQHandler
                0x0000010e                BOD_IRQHandler
                0x0000010e                WDT_IRQHandler
                0x0000010e                QEI_IRQHandler
                0x0000010e                EINT0_IRQHandler
                0x0000010e                DEF_IRQHandler
                0x0000010e                DMA_IRQHandler
                0x0000010e                UART3_IRQHandler
                0x0000010e                MCPWM_IRQHandler
                0x0000010e                ENET_IRQHandler
 .text.SystemInit
                0x00000110       0xb8 ./startup/system_LPC17xx.o
                0x00000110                SystemInit
 .text._Z9bit_countl
                0x000001c8       0x7c ./algorithms/bitCountWP.o
                0x000001c8                bit_count(long)
 .text.HardFault_Handler
                0x00000244       0x18 ./main.o
                0x00000244                HardFault_Handler
 .text._Z10toggleLed4v
                0x0000025c       0x20 ./main.o
                0x0000025c                toggleLed4()
 .text.startup.main
                0x0000027c       0xa0 ./main.o
                0x0000027c                main
 .text          0x0000031c      0xa54 /home/jens/Documents/Toolchains/gcc-arm-none-eabi-4_9-2015q3/bin/../lib/gcc/arm-none-eabi/4.9.3/armv7-m/libgcc.a(unwind-arm.o)
                0x000005fc                _Unwind_GetCFA
                0x00000600                __gnu_Unwind_RaiseException
                0x00000660                __gnu_Unwind_ForcedUnwind
                0x00000674                __gnu_Unwind_Resume
                0x000006b8                __gnu_Unwind_Resume_or_Rethrow
                0x000006cc                _Unwind_Complete
                0x000006d0                _Unwind_DeleteException
                0x000006dc                _Unwind_VRS_Get
                0x0000072c                _Unwind_VRS_Set
                0x0000077c                __gnu_Unwind_Backtrace
                0x00000ac0                __aeabi_unwind_cpp_pr0
                0x00000ac4                __aeabi_unwind_cpp_pr1
                0x00000ac8                __aeabi_unwind_cpp_pr2
                0x00000acc                _Unwind_VRS_Pop
 .text          0x00000d70      0x1ac /home/jens/Documents/Toolchains/gcc-arm-none-eabi-4_9-2015q3/bin/../lib/gcc/arm-none-eabi/4.9.3/armv7-m/libgcc.a(libunwind.o)
                0x00000d70                __restore_core_regs
                0x00000d70                restore_core_regs
                0x00000d88                __gnu_Unwind_Restore_VFP
                0x00000d90                __gnu_Unwind_Save_VFP
                0x00000d98                __gnu_Unwind_Restore_VFP_D
                0x00000da0                __gnu_Unwind_Save_VFP_D
                0x00000da8                __gnu_Unwind_Restore_VFP_D_16_to_31
                0x00000db0                __gnu_Unwind_Save_VFP_D_16_to_31
                0x00000db8                __gnu_Unwind_Restore_WMMXD
                0x00000dfc                __gnu_Unwind_Save_WMMXD
                0x00000e40                __gnu_Unwind_Restore_WMMXC
                0x00000e54                __gnu_Unwind_Save_WMMXC
                0x00000e68                ___Unwind_RaiseException
                0x00000e68                _Unwind_RaiseException
                0x00000e8c                ___Unwind_Resume
                0x00000e8c                _Unwind_Resume
                0x00000eb0                _Unwind_Resume_or_Rethrow
                0x00000eb0                ___Unwind_Resume_or_Rethrow
                0x00000ed4                ___Unwind_ForcedUnwind
                0x00000ed4                _Unwind_ForcedUnwind
                0x00000ef8                _Unwind_Backtrace
                0x00000ef8                ___Unwind_Backtrace
 .text          0x00000f1c      0x37c /home/jens/Documents/Toolchains/gcc-arm-none-eabi-4_9-2015q3/bin/../lib/gcc/arm-none-eabi/4.9.3/armv7-m/libgcc.a(pr-support.o)
                0x00000f74                __gnu_unwind_execute
                0x00001240                __gnu_unwind_frame
                0x00001268                _Unwind_GetRegionStart
                0x00001274                _Unwind_GetLanguageSpecificData
                0x00001288                _Unwind_GetDataRelBase
                0x00001290                _Unwind_GetTextRelBase
 .text.abort    0x00001298       0x10 /home/jens/Documents/Toolchains/gcc-arm-none-eabi-4_9-2015q3/bin/../lib/gcc/arm-none-eabi/4.9.3/../../../../arm-none-eabi/lib/armv7-m/libc.a(lib_a-abort.o)
                0x00001298                abort
 .text          0x000012a8       0xec /home/jens/Documents/Toolchains/gcc-arm-none-eabi-4_9-2015q3/bin/../lib/gcc/arm-none-eabi/4.9.3/../../../../arm-none-eabi/lib/armv7-m/libc.a(lib_a-memcpy.o)
                0x000012a8                memcpy
 .text._raise_r
                0x00001394       0x58 /home/jens/Documents/Toolchains/gcc-arm-none-eabi-4_9-2015q3/bin/../lib/gcc/arm-none-eabi/4.9.3/../../../../arm-none-eabi/lib/armv7-m/libc.a(lib_a-signal.o)
                0x00001394                _raise_r
 .text.raise    0x000013ec       0x10 /home/jens/Documents/Toolchains/gcc-arm-none-eabi-4_9-2015q3/bin/../lib/gcc/arm-none-eabi/4.9.3/../../../../arm-none-eabi/lib/armv7-m/libc.a(lib_a-signal.o)
                0x000013ec                raise
 .text._kill_r  0x000013fc       0x28 /home/jens/Documents/Toolchains/gcc-arm-none-eabi-4_9-2015q3/bin/../lib/gcc/arm-none-eabi/4.9.3/../../../../arm-none-eabi/lib/armv7-m/libc.a(lib_a-signalr.o)
                0x000013fc                _kill_r
 .text._getpid_r
                0x00001424        0x4 /home/jens/Documents/Toolchains/gcc-arm-none-eabi-4_9-2015q3/bin/../lib/gcc/arm-none-eabi/4.9.3/../../../../arm-none-eabi/lib/armv7-m/libc.a(lib_a-signalr.o)
                0x00001424                _getpid_r
 .text._getpid  0x00001428       0x10 /home/jens/Documents/Toolchains/gcc-arm-none-eabi-4_9-2015q3/bin/../lib/gcc/arm-none-eabi/4.9.3/../../../../arm-none-eabi/lib/armv7-m/libnosys.a(getpid.o)
                0x00001428                _getpid
 .text._kill    0x00001438       0x10 /home/jens/Documents/Toolchains/gcc-arm-none-eabi-4_9-2015q3/bin/../lib/gcc/arm-none-eabi/4.9.3/../../../../arm-none-eabi/lib/armv7-m/libnosys.a(kill.o)
                0x00001438                _kill
 .text._exit    0x00001448        0x4 /home/jens/Documents/Toolchains/gcc-arm-none-eabi-4_9-2015q3/bin/../lib/gcc/arm-none-eabi/4.9.3/../../../../arm-none-eabi/lib/armv7-m/libnosys.a(_exit.o)
                0x00001448                _exit
 *(.init)
 *(.fini)
 *crtbegin.o(.ctors)
 *crtbegin?.o(.ctors)
 *(EXCLUDE_FILE(*crtend.o *crtend?.o) .ctors)
 *(SORT(.ctors.*))
 *(.ctors)
 *crtbegin.o(.dtors)
 *crtbegin?.o(.dtors)
 *(EXCLUDE_FILE(*crtend.o *crtend?.o) .dtors)
 *(SORT(.dtors.*))
 *(.dtors)
 *(.rodata*)
 .rodata.str1.4
                0x0000144c        0x4 /home/jens/Documents/Toolchains/gcc-arm-none-eabi-4_9-2015q3/bin/../lib/gcc/arm-none-eabi/4.9.3/../../../../arm-none-eabi/lib/armv7-m/libc.a(lib_a-impure.o)
                                  0x2 (size before relaxing)
 *(.eh_frame*)

.glue_7         0x00001450        0x0
 .glue_7        0x00000000        0x0 linker stubs

.glue_7t        0x00001450        0x0
 .glue_7t       0x00000000        0x0 linker stubs

.vfp11_veneer   0x00001450        0x0
 .vfp11_veneer  0x00000000        0x0 linker stubs

.v4_bx          0x00001450        0x0
 .v4_bx         0x00000000        0x0 linker stubs

.iplt           0x00001450        0x0
 .iplt          0x00000000        0x0 ./startup/startup_LPC17xx.o

.ARM.extab      0x00001450       0x18
 *(.ARM.extab* .gnu.linkonce.armextab.*)
 .ARM.extab     0x00001450       0x18 /home/jens/Documents/Toolchains/gcc-arm-none-eabi-4_9-2015q3/bin/../lib/gcc/arm-none-eabi/4.9.3/armv7-m/libgcc.a(pr-support.o)
                0x00001468                __exidx_start = .

.ARM.exidx      0x00001468       0xc8
 *(.ARM.exidx* .gnu.linkonce.armexidx.*)
 .ARM.exidx.text._Z9bit_countl
                0x00001468        0x8 ./algorithms/bitCountWP.o
 .ARM.exidx.text.HardFault_Handler
                0x00001470        0x0 ./main.o
                                  0x8 (size before relaxing)
 .ARM.exidx.text._Z10toggleLed4v
                0x00001470        0x0 ./main.o
                                  0x8 (size before relaxing)
 .ARM.exidx.text.startup.main
                0x00001470        0x8 ./main.o
 .ARM.exidx     0x00001478       0x80 /home/jens/Documents/Toolchains/gcc-arm-none-eabi-4_9-2015q3/bin/../lib/gcc/arm-none-eabi/4.9.3/armv7-m/libgcc.a(unwind-arm.o)
                                 0xd8 (size before relaxing)
 .ARM.exidx     0x000014f8       0x38 /home/jens/Documents/Toolchains/gcc-arm-none-eabi-4_9-2015q3/bin/../lib/gcc/arm-none-eabi/4.9.3/armv7-m/libgcc.a(pr-support.o)
                                 0x48 (size before relaxing)
                0x00001530                __exidx_end = .
                0x00001530                __etext = .

.rel.dyn        0x00001530        0x0
 .rel.iplt      0x00000000        0x0 ./startup/startup_LPC17xx.o

.data           0x100000c8      0x434 load address 0x00001530
                0x100000c8                __data_start__ = .
                0x100000c8                Image$$RW_IRAM1$$Base = .
 *(vtable)
 *(.data*)
 .data.SystemCoreClock
                0x100000c8        0x4 ./startup/system_LPC17xx.o
                0x100000c8                SystemCoreClock
 .data.output   0x100000cc        0x4 ./main.o
                0x100000cc                output
 .data.impure_data
                0x100000d0      0x428 /home/jens/Documents/Toolchains/gcc-arm-none-eabi-4_9-2015q3/bin/../lib/gcc/arm-none-eabi/4.9.3/../../../../arm-none-eabi/lib/armv7-m/libc.a(lib_a-impure.o)
 .data._impure_ptr
                0x100004f8        0x4 /home/jens/Documents/Toolchains/gcc-arm-none-eabi-4_9-2015q3/bin/../lib/gcc/arm-none-eabi/4.9.3/../../../../arm-none-eabi/lib/armv7-m/libc.a(lib_a-impure.o)
                0x100004f8                _impure_ptr
                0x100004fc                . = ALIGN (0x4)
                0x100004fc                PROVIDE (__preinit_array_start, .)
 *(.preinit_array)
                0x100004fc                PROVIDE (__preinit_array_end, .)
                0x100004fc                . = ALIGN (0x4)
                0x100004fc                PROVIDE (__init_array_start, .)
 *(SORT(.init_array.*))
 *(.init_array)
                0x100004fc                PROVIDE (__init_array_end, .)
                0x100004fc                . = ALIGN (0x4)
                0x100004fc                PROVIDE (__fini_array_start, .)
 *(SORT(.fini_array.*))
 *(.fini_array)
                0x100004fc                PROVIDE (__fini_array_end, .)
                0x100004fc                . = ALIGN (0x4)
                0x100004fc                __data_end__ = .

.igot.plt       0x100004fc        0x0 load address 0x00001964
 .igot.plt      0x00000000        0x0 ./startup/startup_LPC17xx.o

.bss            0x100004fc        0x4 load address 0x00001964
                0x100004fc                __bss_start__ = .
 *(.bss*)
 *(COMMON)
 COMMON         0x100004fc        0x4 /home/jens/Documents/Toolchains/gcc-arm-none-eabi-4_9-2015q3/bin/../lib/gcc/arm-none-eabi/4.9.3/../../../../arm-none-eabi/lib/armv7-m/libc.a(lib_a-reent.o)
                0x100004fc                errno
                0x10000500                __bss_end__ = .
                0x10000500                Image$$RW_IRAM1$$ZI$$Limit = .

.heap           0x10000500      0x800
                0x10000500                __end__ = .
                0x10000500                end = __end__
 *(.heap*)
 .heap          0x10000500      0x800 ./startup/startup_LPC17xx.o
                0x10000500                __HeapBase
                0x10000d00                __HeapLimit = .

.stack_dummy    0x10000500      0xc00
 *(.stack)
 .stack         0x10000500      0xc00 ./startup/startup_LPC17xx.o
                0x10008000                __StackTop = (ORIGIN (RAM) + 0x7f38)
                0x10007400                __StackLimit = (__StackTop - SIZEOF (.stack_dummy))
                0x10008000                PROVIDE (__stack, __StackTop)
                0x00000001                ASSERT ((__StackLimit >= __HeapLimit), region RAM overflowed with stack)

.AHBSRAM0       0x2007c000        0x0
                0x2007c000                Image$$RW_IRAM2$$Base = .
 *(AHBSRAM0)
                0x2007c000                Image$$RW_IRAM2$$ZI$$Limit = .

.AHBSRAM1       0x20080000        0x0
                0x20080000                Image$$RW_IRAM3$$Base = .
 *(AHBSRAM1)
                0x20080000                Image$$RW_IRAM3$$ZI$$Limit = .
OUTPUT(bitCountWP.elf elf32-littlearm)

.ARM.attributes
                0x00000000       0x29
 .ARM.attributes
                0x00000000       0x1b ./startup/startup_LPC17xx.o
 .ARM.attributes
                0x0000001b       0x33 ./startup/system_LPC17xx.o
 .ARM.attributes
                0x0000004e       0x33 ./algorithms/bitCountWP.o
 .ARM.attributes
                0x00000081       0x33 ./main.o

.comment        0x00000000       0x70
 .comment       0x00000000       0x70 ./startup/system_LPC17xx.o
                                 0x71 (size before relaxing)
 .comment       0x00000000       0x71 ./algorithms/bitCountWP.o
 .comment       0x00000000       0x71 ./main.o

.debug_line     0x00000000       0x6d
 .debug_line    0x00000000       0x6d ./startup/startup_LPC17xx.o

.debug_info     0x00000000       0x74
 .debug_info    0x00000000       0x74 ./startup/startup_LPC17xx.o

.debug_abbrev   0x00000000       0x14
 .debug_abbrev  0x00000000       0x14 ./startup/startup_LPC17xx.o

.debug_aranges  0x00000000       0x20
 .debug_aranges
                0x00000000       0x20 ./startup/startup_LPC17xx.o

.stabstr        0x00000000       0x76
 .stabstr       0x00000000       0x76 /home/jens/Documents/Toolchains/gcc-arm-none-eabi-4_9-2015q3/bin/../lib/gcc/arm-none-eabi/4.9.3/../../../../arm-none-eabi/lib/armv7-m/libnosys.a(getpid.o)
